Component: ARM Compiler 5.06 update 7 (build 960) Tool: armlink [4d3601]

==============================================================================

Section Cross References

    system_stm32f10x.o(.text) refers to system_stm32f10x.o(.data) for SystemCoreClock
    minibalance.o(.text) refers to delay.o(.text) for delay_init
    minibalance.o(.text) refers to motor.o(.text) for MiniBalance_PWM_Init
    minibalance.o(.text) refers to usart2.o(.text) for USART2_Init
    minibalance.o(.text) refers to encoder.o(.text) for Encoder_Init_TIM2
    minibalance.o(.text) refers to adc.o(.text) for Adc_Init
    minibalance.o(.text) refers to ioi2c.o(.text) for IIC_Init
    minibalance.o(.text) refers to mpu6050.o(.text) for MPU6050_initialize
    minibalance.o(.text) refers to oled.o(.text) for OLED_Init
    minibalance.o(.text) refers to exti.o(.text) for MiniBalance_EXTI_Init
    minibalance.o(.text) refers to rt_memclr_w.o(.text) for __aeabi_memclr4
    minibalance.o(.text) refers to stm32f10x_usart.o(.text) for USART_SendData
    minibalance.o(.text) refers to show.o(.text) for oled_show
    minibalance.o(.text) refers to mpu6050.o(.data) for accel
    minibalance.o(.text) refers to minibalance.o(.data) for Temperature
    startup_stm32f10x_md.o(STACK) refers (Special) to heapauxi.o(.text) for __use_two_region_memory
    startup_stm32f10x_md.o(HEAP) refers (Special) to heapauxi.o(.text) for __use_two_region_memory
    startup_stm32f10x_md.o(RESET) refers (Special) to heapauxi.o(.text) for __use_two_region_memory
    startup_stm32f10x_md.o(RESET) refers to startup_stm32f10x_md.o(STACK) for __initial_sp
    startup_stm32f10x_md.o(RESET) refers to startup_stm32f10x_md.o(.text) for Reset_Handler
    startup_stm32f10x_md.o(RESET) refers to stm32f10x_it.o(.text) for NMI_Handler
    startup_stm32f10x_md.o(RESET) refers to encoder.o(.text) for TIM2_IRQHandler
    startup_stm32f10x_md.o(RESET) refers to timer.o(.text) for TIM3_IRQHandler
    startup_stm32f10x_md.o(RESET) refers to usart2.o(.text) for USART2_IRQHandler
    startup_stm32f10x_md.o(RESET) refers to usart3.o(.text) for USART3_IRQHandler
    startup_stm32f10x_md.o(RESET) refers to control.o(.text) for EXTI15_10_IRQHandler
    startup_stm32f10x_md.o(.text) refers (Special) to heapauxi.o(.text) for __use_two_region_memory
    startup_stm32f10x_md.o(.text) refers to system_stm32f10x.o(.text) for SystemInit
    startup_stm32f10x_md.o(.text) refers to __main.o(!!!main) for __main
    startup_stm32f10x_md.o(.text) refers to startup_stm32f10x_md.o(HEAP) for Heap_Mem
    startup_stm32f10x_md.o(.text) refers to startup_stm32f10x_md.o(STACK) for Stack_Mem
    stm32f10x_adc.o(.text) refers to stm32f10x_rcc.o(.text) for RCC_APB2PeriphResetCmd
    stm32f10x_bkp.o(.text) refers to stm32f10x_rcc.o(.text) for RCC_BackupResetCmd
    stm32f10x_can.o(.text) refers to stm32f10x_rcc.o(.text) for RCC_APB1PeriphResetCmd
    stm32f10x_cec.o(.text) refers to stm32f10x_rcc.o(.text) for RCC_APB1PeriphResetCmd
    stm32f10x_dac.o(.text) refers to stm32f10x_rcc.o(.text) for RCC_APB1PeriphResetCmd
    stm32f10x_gpio.o(.text) refers to stm32f10x_rcc.o(.text) for RCC_APB2PeriphResetCmd
    stm32f10x_i2c.o(.text) refers to stm32f10x_rcc.o(.text) for RCC_APB1PeriphResetCmd
    stm32f10x_pwr.o(.text) refers to stm32f10x_rcc.o(.text) for RCC_APB1PeriphResetCmd
    stm32f10x_rcc.o(.text) refers to stm32f10x_rcc.o(.data) for APBAHBPrescTable
    stm32f10x_spi.o(.text) refers to stm32f10x_rcc.o(.text) for RCC_APB2PeriphResetCmd
    stm32f10x_tim.o(.text) refers to stm32f10x_rcc.o(.text) for RCC_APB2PeriphResetCmd
    stm32f10x_usart.o(.text) refers to stm32f10x_rcc.o(.text) for RCC_APB2PeriphResetCmd
    stm32f10x_wwdg.o(.text) refers to stm32f10x_rcc.o(.text) for RCC_APB1PeriphResetCmd
    delay.o(.text) refers to misc.o(.text) for SysTick_CLKSourceConfig
    delay.o(.text) refers to system_stm32f10x.o(.data) for SystemCoreClock
    delay.o(.text) refers to delay.o(.data) for fac_us
    sys.o(.text) refers to sys.o(.emb_text) for WFI_SET
    usart.o(.text) refers (Special) to use_no_semi_2.o(.text) for __use_no_semihosting
    usart.o(.text) refers to minibalance.o(.data) for Flag_Show
    usart.o(.data) refers (Special) to use_no_semi_2.o(.text) for __use_no_semihosting
    led.o(.text) refers to stm32f10x_rcc.o(.text) for RCC_APB2PeriphClockCmd
    led.o(.text) refers to stm32f10x_gpio.o(.text) for GPIO_Init
    led.o(.text) refers to led.o(.data) for temp
    key.o(.text) refers to stm32f10x_rcc.o(.text) for RCC_APB2PeriphClockCmd
    key.o(.text) refers to stm32f10x_gpio.o(.text) for GPIO_Init
    key.o(.text) refers to key.o(.data) for Forever_count
    oled.o(.text) refers to stm32f10x_rcc.o(.text) for RCC_APB2PeriphClockCmd
    oled.o(.text) refers to stm32f10x_gpio.o(.text) for GPIO_Init
    oled.o(.text) refers to stm32f10x_pwr.o(.text) for PWR_BackupAccessCmd
    oled.o(.text) refers to stm32f10x_bkp.o(.text) for BKP_TamperPinCmd
    oled.o(.text) refers to delay.o(.text) for delay_ms
[...]
    DMA1_Channel7_IRQHandler                 0x0800057b   Thumb Code     0  startup_stm32f10x_md.o(.text)
    EXTI0_IRQHandler                         0x0800057b   Thumb Code     0  startup_stm32f10x_md.o(.text)
    EXTI1_IRQHandler                         0x0800057b   Thumb Code     0  startup_stm32f10x_md.o(.text)
    EXTI2_IRQHandler                         0x0800057b   Thumb Code     0  startup_stm32f10x_md.o(.text)
    EXTI3_IRQHandler                         0x0800057b   Thumb Code     0  startup_stm32f10x_md.o(.text)
    EXTI4_IRQHandler                         0x0800057b   Thumb Code     0  startup_stm32f10x_md.o(.text)
    EXTI9_5_IRQHandler                       0x0800057b   Thumb Code     0  startup_stm32f10x_md.o(.text)
    FLASH_IRQHandler                         0x0800057b   Thumb Code     0  startup_stm32f10x_md.o(.text)
    I2C1_ER_IRQHandler                       0x0800057b   Thumb Code     0  startup_stm32f10x_md.o(.text)
    I2C1_EV_IRQHandler                       0x0800057b   Thumb Code     0  startup_stm32f10x_md.o(.text)
    I2C2_ER_IRQHandler                       0x0800057b   Thumb Code     0  startup_stm32f10x_md.o(.text)
    I2C2_EV_IRQHandler                       0x0800057b   Thumb Code     0  startup_stm32f10x_md.o(.text)
    PVD_IRQHandler                           0x0800057b   Thumb Code     0  startup_stm32f10x_md.o(.text)
    RCC_IRQHandler                           0x0800057b   Thumb Code     0  startup_stm32f10x_md.o(.text)
    RTCAlarm_IRQHandler                      0x0800057b   Thumb Code     0  startup_stm32f10x_md.o(.text)
    RTC_IRQHandler                           0x0800057b   Thumb Code     0  startup_stm32f10x_md.o(.text)
    SPI1_IRQHandler                          0x0800057b   Thumb Code     0  startup_stm32f10x_md.o(.text)
    SPI2_IRQHandler                          0x0800057b   Thumb Code     0  startup_stm32f10x_md.o(.text)
    TAMPER_IRQHandler                        0x0800057b   Thumb Code     0  startup_stm32f10x_md.o(.text)
    TIM1_BRK_IRQHandler                      0x0800057b   Thumb Code     0  startup_stm32f10x_md.o(.text)
    TIM1_CC_IRQHandler                       0x0800057b   Thumb Code     0  startup_stm32f10x_md.o(.text)
    TIM1_TRG_COM_IRQHandler                  0x0800057b   Thumb Code     0  startup_stm32f10x_md.o(.text)
    TIM1_UP_IRQHandler                       0x0800057b   Thumb Code     0  startup_stm32f10x_md.o(.text)
    USART1_IRQHandler                        0x0800057b   Thumb Code     0  startup_stm32f10x_md.o(.text)
    USBWakeUp_IRQHandler                     0x0800057b   Thumb Code     0  startup_stm32f10x_md.o(.text)
    USB_HP_CAN1_TX_IRQHandler                0x0800057b   Thumb Code     0  startup_stm32f10x_md.o(.text)
    USB_LP_CAN1_RX0_IRQHandler               0x0800057b   Thumb Code     0  startup_stm32f10x_md.o(.text)
    WWDG_IRQHandler                          0x0800057b   Thumb Code     0  startup_stm32f10x_md.o(.text)
    __user_initial_stackheap                 0x0800057d   Thumb Code     0  startup_stm32f10x_md.o(.text)
    NVIC_PriorityGroupConfig                 0x080005a1   Thumb Code    10  misc.o(.text)
    NVIC_Init                                0x080005ab   Thumb Code   100  misc.o(.text)
    NVIC_SetVectorTable                      0x0800060f   Thumb Code    14  misc.o(.text)
    NVIC_SystemLPConfig                      0x0800061d   Thumb Code    34  misc.o(.text)
    SysTick_CLKSourceConfig                  0x0800063f   Thumb Code    40  misc.o(.text)
    ADC_DeInit                               0x0800067d   Thumb Code    78  stm32f10x_adc.o(.text)
    ADC_Init                                 0x080006cb   Thumb Code    70  stm32f10x_adc.o(.text)
    ADC_StructInit                           0x08000711   Thumb Code    18  stm32f10x_adc.o(.text)
    ADC_Cmd                                  0x08000723   Thumb Code    22  stm32f10x_adc.o(.text)
    ADC_DMACmd                               0x08000739   Thumb Code    22  stm32f10x_adc.o(.text)
    ADC_ITConfig                             0x0800074f   Thumb Code    24  stm32f10x_adc.o(.text)
    ADC_ResetCalibration                     0x08000767   Thumb Code    10  stm32f10x_adc.o(.text)
    ADC_GetResetCalibrationStatus            0x08000771   Thumb Code    20  stm32f10x_adc.o(.text)
    ADC_StartCalibration                     0x08000785   Thumb Code    10  stm32f10x_adc.o(.text)
    ADC_GetCalibrationStatus                 0x0800078f   Thumb Code    20  stm32f10x_adc.o(.text)
    ADC_SoftwareStartConvCmd                 0x080007a3   Thumb Code    22  stm32f10x_adc.o(.text)
    ADC_GetSoftwareStartConvStatus           0x080007b9   Thumb Code    20  stm32f10x_adc.o(.text)
    ADC_DiscModeChannelCountConfig           0x080007cd   Thumb Code    24  stm32f10x_adc.o(.text)
    ADC_DiscModeCmd                          0x080007e5   Thumb Code    22  stm32f10x_adc.o(.text)
    ADC_RegularChannelConfig                 0x080007fb   Thumb Code   184  stm32f10x_adc.o(.text)
    ADC_ExternalTrigConvCmd                  0x080008b3   Thumb Code    22  stm32f10x_adc.o(.text)
    ADC_GetConversionValue                   0x080008c9   Thumb Code     8  stm32f10x_adc.o(.text)
    ADC_GetDualModeConversionValue           0x080008d1   Thumb Code     8  stm32f10x_adc.o(.text)
    ADC_AutoInjectedConvCmd                  0x080008d9   Thumb Code    22  stm32f10x_adc.o(.text)
    ADC_InjectedDiscModeCmd                  0x080008ef   Thumb Code    22  stm32f10x_adc.o(.text)
    ADC_ExternalTrigInjectedConvConfig       0x08000905   Thumb Code    16  stm32f10x_adc.o(.text)
    ADC_ExternalTrigInjectedConvCmd          0x08000915   Thumb Code    22  stm32f10x_adc.o(.text)
    ADC_SoftwareStartInjectedConvCmd         0x0800092b   Thumb Code    22  stm32f10x_adc.o(.text)
    ADC_GetSoftwareStartInjectedConvCmdStatus 0x08000941   Thumb Code    20  stm32f10x_adc.o(.text)
    ADC_InjectedChannelConfig                0x08000955   Thumb Code   130  stm32f10x_adc.o(.text)
    ADC_InjectedSequencerLengthConfig        0x080009d7   Thumb Code    24  stm32f10x_adc.o(.text)
    ADC_SetInjectedOffset                    0x080009ef   Thumb Code    20  stm32f10x_adc.o(.text)
    ADC_GetInjectedConversionValue           0x08000a03   Thumb Code    28  stm32f10x_adc.o(.text)
    ADC_AnalogWatchdogCmd                    0x08000a1f   Thumb Code    16  stm32f10x_adc.o(.text)
    ADC_AnalogWatchdogThresholdsConfig       0x08000a2f   Thumb Code     6  stm32f10x_adc.o(.text)
    ADC_AnalogWatchdogSingleChannelConfig    0x08000a35   Thumb Code    16  stm32f10x_adc.o(.text)
    ADC_TempSensorVrefintCmd                 0x08000a45   Thumb Code    64  stm32f10x_adc.o(.text)
    ADC_GetFlagStatus                        0x08000a85   Thumb Code    18  stm32f10x_adc.o(.text)
    ADC_ClearFlag                            0x08000a97   Thumb Code     6  stm32f10x_adc.o(.text)
    ADC_GetITStatus                          0x08000a9d   Thumb Code    36  stm32f10x_adc.o(.text)
    ADC_ClearITPendingBit                    0x08000ac1   Thumb Code    10  stm32f10x_adc.o(.text)
    BKP_DeInit                               0x08000acd   Thumb Code    16  stm32f10x_bkp.o(.text)
    BKP_TamperPinLevelConfig                 0x08000add   Thumb Code     6  stm32f10x_bkp.o(.text)
    BKP_TamperPinCmd                         0x08000ae3   Thumb Code     8  stm32f10x_bkp.o(.text)
    BKP_ITConfig                             0x08000aeb   Thumb Code     8  stm32f10x_bkp.o(.text)
    BKP_RTCOutputConfig                      0x08000af3   Thumb Code    22  stm32f10x_bkp.o(.text)
    BKP_SetRTCCalibrationValue               0x08000b09   Thumb Code    22  stm32f10x_bkp.o(.text)
    BKP_WriteBackupRegister                  0x08000b1f   Thumb Code    24  stm32f10x_bkp.o(.text)
    BKP_ReadBackupRegister                   0x08000b37   Thumb Code    26  stm32f10x_bkp.o(.text)
    BKP_GetFlagStatus                        0x08000b51   Thumb Code    10  stm32f10x_bkp.o(.text)
    BKP_ClearFlag                            0x08000b5b   Thumb Code    18  stm32f10x_bkp.o(.text)
    BKP_GetITStatus                          0x08000b6d   Thumb Code    10  stm32f10x_bkp.o(.text)
    BKP_ClearITPendingBit                    0x08000b77   Thumb Code    18  stm32f10x_bkp.o(.text)
    EXTI_DeInit                              0x08000b91   Thumb Code    28  stm32f10x_exti.o(.text)
    EXTI_Init                                0x08000bad   Thumb Code   142  stm32f10x_exti.o(.text)
    EXTI_StructInit                          0x08000c3b   Thumb Code    16  stm32f10x_exti.o(.text)
    EXTI_GenerateSWInterrupt                 0x08000c4b   Thumb Code    16  stm32f10x_exti.o(.text)
    EXTI_GetFlagStatus                       0x08000c5b   Thumb Code    22  stm32f10x_exti.o(.text)
    EXTI_ClearFlag                           0x08000c71   Thumb Code     8  stm32f10x_exti.o(.text)
    EXTI_GetITStatus                         0x08000c79   Thumb Code    34  stm32f10x_exti.o(.text)
    EXTI_ClearITPendingBit                   0x08000c9b   Thumb Code     8  stm32f10x_exti.o(.text)
    GPIO_DeInit                              0x08000cad   Thumb Code   172  stm32f10x_gpio.o(.text)
    GPIO_AFIODeInit                          0x08000d59   Thumb Code    20  stm32f10x_gpio.o(.text)
    GPIO_Init                                0x08000d6d   Thumb Code   278  stm32f10x_gpio.o(.text)
    GPIO_StructInit                          0x08000e83   Thumb Code    16  stm32f10x_gpio.o(.text)
    GPIO_ReadInputDataBit                    0x08000e93   Thumb Code    18  stm32f10x_gpio.o(.text)
    GPIO_ReadInputData                       0x08000ea5   Thumb Code     8  stm32f10x_gpio.o(.text)
    GPIO_ReadOutputDataBit                   0x08000ead   Thumb Code    18  stm32f10x_gpio.o(.text)
    GPIO_ReadOutputData                      0x08000ebf   Thumb Code     8  stm32f10x_gpio.o(.text)
    GPIO_SetBits                             0x08000ec7   Thumb Code     4  stm32f10x_gpio.o(.text)
    GPIO_ResetBits                           0x08000ecb   Thumb Code     4  stm32f10x_gpio.o(.text)
    GPIO_WriteBit                            0x08000ecf   Thumb Code    10  stm32f10x_gpio.o(.text)
    GPIO_Write                               0x08000ed9   Thumb Code     4  stm32f10x_gpio.o(.text)
    GPIO_PinLockConfig                       0x08000edd   Thumb Code    18  stm32f10x_gpio.o(.text)
    GPIO_EventOutputConfig                   0x08000eef   Thumb Code    26  stm32f10x_gpio.o(.text)
    GPIO_EventOutputCmd                      0x08000f09   Thumb Code     6  stm32f10x_gpio.o(.text)
    GPIO_PinRemapConfig                      0x08000f0f   Thumb Code   138  stm32f10x_gpio.o(.text)
    GPIO_EXTILineConfig                      0x08000f99   Thumb Code    66  stm32f10x_gpio.o(.text)
    GPIO_ETH_MediaInterfaceConfig            0x08000fdb   Thumb Code     8  stm32f10x_gpio.o(.text)
    PWR_DeInit                               0x08001009   Thumb Code    22  stm32f10x_pwr.o(.text)
    PWR_BackupAccessCmd                      0x0800101f   Thumb Code     6  stm32f10x_pwr.o(.text)
    PWR_PVDCmd                               0x08001025   Thumb Code     6  stm32f10x_pwr.o(.text)
    PWR_PVDLevelConfig                       0x0800102b   Thumb Code    18  stm32f10x_pwr.o(.text)
    PWR_WakeUpPinCmd                         0x0800103d   Thumb Code     8  stm32f10x_pwr.o(.text)
    PWR_EnterSTOPMode                        0x08001045   Thumb Code    54  stm32f10x_pwr.o(.text)
    PWR_EnterSTANDBYMode                     0x0800107b   Thumb Code    42  stm32f10x_pwr.o(.text)
    PWR_GetFlagStatus                        0x080010a5   Thumb Code    20  stm32f10x_pwr.o(.text)
    PWR_ClearFlag                            0x080010b9   Thumb Code    14  stm32f10x_pwr.o(.text)
    RCC_DeInit                               0x080010d5   Thumb Code    64  stm32f10x_rcc.o(.text)
    RCC_HSEConfig                            0x08001115   Thumb Code    70  stm32f10x_rcc.o(.text)
    RCC_GetFlagStatus                        0x0800115b   Thumb Code    56  stm32f10x_rcc.o(.text)
    RCC_WaitForHSEStartUp                    0x08001193   Thumb Code    56  stm32f10x_rcc.o(.text)
    RCC_AdjustHSICalibrationValue            0x080011cb   Thumb Code    20  stm32f10x_rcc.o(.text)
    RCC_HSICmd                               0x080011df   Thumb Code     6  stm32f10x_rcc.o(.text)
    RCC_PLLConfig                            0x080011e5   Thumb Code    24  stm32f10x_rcc.o(.text)
    RCC_PLLCmd                               0x080011fd   Thumb Code     6  stm32f10x_rcc.o(.text)
    RCC_SYSCLKConfig                         0x08001203   Thumb Code    18  stm32f10x_rcc.o(.text)
    RCC_GetSYSCLKSource                      0x08001215   Thumb Code    10  stm32f10x_rcc.o(.text)
    RCC_HCLKConfig                           0x0800121f   Thumb Code    18  stm32f10x_rcc.o(.text)
    RCC_PCLK1Config                          0x08001231   Thumb Code    18  stm32f10x_rcc.o(.text)
    RCC_PCLK2Config                          0x08001243   Thumb Code    20  stm32f10x_rcc.o(.text)
    RCC_ITConfig                             0x08001257   Thumb Code    26  stm32f10x_rcc.o(.text)
    RCC_USBCLKConfig                         0x08001271   Thumb Code     8  stm32f10x_rcc.o(.text)
    RCC_ADCCLKConfig                         0x08001279   Thumb Code    18  stm32f10x_rcc.o(.text)
    RCC_LSEConfig                            0x0800128b   Thumb Code    50  stm32f10x_rcc.o(.text)
    RCC_LSICmd                               0x080012bd   Thumb Code     6  stm32f10x_rcc.o(.text)
    RCC_RTCCLKConfig                         0x080012c3   Thumb Code    12  stm32f10x_rcc.o(.text)
    RCC_RTCCLKCmd                            0x080012cf   Thumb Code     8  stm32f10x_rcc.o(.text)
    RCC_GetClocksFreq                        0x080012d7   Thumb Code   192  stm32f10x_rcc.o(.text)
    RCC_AHBPeriphClockCmd                    0x08001397   Thumb Code    26  stm32f10x_rcc.o(.text)
    RCC_APB2PeriphClockCmd                   0x080013b1   Thumb Code    26  stm32f10x_rcc.o(.text)
    RCC_APB1PeriphClockCmd                   0x080013cb   Thumb Code    26  stm32f10x_rcc.o(.text)
    RCC_APB2PeriphResetCmd                   0x080013e5   Thumb Code    26  stm32f10x_rcc.o(.text)
    RCC_APB1PeriphResetCmd                   0x080013ff   Thumb Code    26  stm32f10x_rcc.o(.text)
    RCC_BackupResetCmd                       0x08001419   Thumb Code     8  stm32f10x_rcc.o(.text)
    RCC_ClockSecuritySystemCmd               0x08001421   Thumb Code     6  stm32f10x_rcc.o(.text)
    RCC_MCOConfig                            0x08001427   Thumb Code     6  stm32f10x_rcc.o(.text)
    RCC_ClearFlag                            0x0800142d   Thumb Code    14  stm32f10x_rcc.o(.text)
    RCC_GetITStatus                          0x0800143b   Thumb Code    20  stm32f10x_rcc.o(.text)
    RCC_ClearITPendingBit                    0x0800144f   Thumb Code     6  stm32f10x_rcc.o(.text)
    TIM_DeInit                               0x08001479   Thumb Code   424  stm32f10x_tim.o(.text)
    TIM_TimeBaseInit                         0x08001621   Thumb Code   122  stm32f10x_tim.o(.text)
    TIM_OC1Init                              0x0800169b   Thumb Code   132  stm32f10x_tim.o(.text)
    TIM_OC2Init                              0x0800171f   Thumb Code   154  stm32f10x_tim.o(.text)
    TIM_OC3Init                              0x080017b9   Thumb Code   150  stm32f10x_tim.o(.text)
    TIM_OC4Init                              0x0800184f   Thumb Code   182  stm32f10x_tim.o(.text)
    TIM_SetIC4Prescaler                      0x08001905   Thumb Code    26  stm32f10x_tim.o(.text)
    TIM_SetIC3Prescaler                      0x080019a1   Thumb Code    18  stm32f10x_tim.o(.text)
    TIM_SetIC2Prescaler                      0x08001a2d   Thumb Code    26  stm32f10x_tim.o(.text)
    TIM_SetIC1Prescaler                      0x08001ac9   Thumb Code    18  stm32f10x_tim.o(.text)
    TIM_ICInit                               0x08001b47   Thumb Code   150  stm32f10x_tim.o(.text)
    TIM_PWMIConfig                           0x08001bdd   Thumb Code   124  stm32f10x_tim.o(.text)
    TIM_BDTRConfig                           0x08001c59   Thumb Code    32  stm32f10x_tim.o(.text)
    TIM_TimeBaseStructInit                   0x08001c79   Thumb Code    18  stm32f10x_tim.o(.text)
    TIM_OCStructInit                         0x08001c8b   Thumb Code    20  stm32f10x_tim.o(.text)
    TIM_ICStructInit                         0x08001c9f   Thumb Code    18  stm32f10x_tim.o(.text)
    TIM_BDTRStructInit                       0x08001cb1   Thumb Code    40  stm32f10x_tim.o(.text)
    TIM_Cmd                                  0x08001cd9   Thumb Code    24  stm32f10x_tim.o(.text)
    TIM_CtrlPWMOutputs                       0x08001cf1   Thumb Code    30  stm32f10x_tim.o(.text)
    TIM_ITConfig                             0x08001d0f   Thumb Code    18  stm32f10x_tim.o(.text)
    TIM_GenerateEvent                        0x08001d21   Thumb Code     4  stm32f10x_tim.o(.text)
    TIM_DMAConfig                            0x08001d25   Thumb Code    10  stm32f10x_tim.o(.text)
    TIM_DMACmd                               0x08001d2f   Thumb Code    18  stm32f10x_tim.o(.text)
    TIM_InternalClockConfig                  0x08001d41   Thumb Code    12  stm32f10x_tim.o(.text)
    TIM_SelectInputTrigger                   0x08001d4d   Thumb Code    18  stm32f10x_tim.o(.text)
    TIM_ITRxExternalClockConfig              0x08001d5f   Thumb Code    24  stm32f10x_tim.o(.text)
    TIM_TIxExternalClockConfig               0x08001d77   Thumb Code    62  stm32f10x_tim.o(.text)
    TIM_ETRConfig                            0x08001db5   Thumb Code    28  stm32f10x_tim.o(.text)
    TIM_ETRClockMode1Config                  0x08001dd1   Thumb Code    54  stm32f10x_tim.o(.text)
    TIM_ETRClockMode2Config                  0x08001e07   Thumb Code    32  stm32f10x_tim.o(.text)
    TIM_PrescalerConfig                      0x08001e27   Thumb Code     6  stm32f10x_tim.o(.text)
    TIM_CounterModeConfig                    0x08001e2d   Thumb Code    18  stm32f10x_tim.o(.text)
    TIM_EncoderInterfaceConfig               0x08001e3f   Thumb Code    66  stm32f10x_tim.o(.text)
    TIM_ForcedOC1Config                      0x08001e81   Thumb Code    18  stm32f10x_tim.o(.text)
    TIM_ForcedOC2Config                      0x08001e93   Thumb Code    26  stm32f10x_tim.o(.text)
    TIM_ForcedOC3Config                      0x08001ead   Thumb Code    18  stm32f10x_tim.o(.text)
    TIM_ForcedOC4Config                      0x08001ebf   Thumb Code    26  stm32f10x_tim.o(.text)
    TIM_ARRPreloadConfig                     0x08001ed9   Thumb Code    24  stm32f10x_tim.o(.text)
    TIM_SelectCOM                            0x08001ef1   Thumb Code    24  stm32f10x_tim.o(.text)
    TIM_SelectCCDMA                          0x08001f09   Thumb Code    24  stm32f10x_tim.o(.text)
    TIM_CCPreloadControl                     0x08001f21   Thumb Code    24  stm32f10x_tim.o(.text)
    TIM_OC1PreloadConfig                     0x08001f39   Thumb Code    18  stm32f10x_tim.o(.text)
    TIM_OC2PreloadConfig                     0x08001f4b   Thumb Code    26  stm32f10x_tim.o(.text)
    TIM_OC3PreloadConfig                     0x08001f65   Thumb Code    18  stm32f10x_tim.o(.text)
    TIM_OC4PreloadConfig                     0x08001f77   Thumb Code    26  stm32f10x_tim.o(.text)
    TIM_OC1FastConfig                        0x08001f91   Thumb Code    18  stm32f10x_tim.o(.text)
    TIM_OC2FastConfig                        0x08001fa3   Thumb Code    26  stm32f10x_tim.o(.text)
    TIM_OC3FastConfig                        0x08001fbd   Thumb Code    18  stm32f10x_tim.o(.text)
    TIM_OC4FastConfig                        0x08001fcf   Thumb Code    26  stm32f10x_tim.o(.text)
    TIM_ClearOC1Ref                          0x08001fe9   Thumb Code    18  stm32f10x_tim.o(.text)
    TIM_ClearOC2Ref                          0x08001ffb   Thumb Code    24  stm32f10x_tim.o(.text)
    TIM_ClearOC3Ref                          0x08002013   Thumb Code    18  stm32f10x_tim.o(.text)
    TIM_ClearOC4Ref                          0x08002025   Thumb Code    24  stm32f10x_tim.o(.text)
    TIM_OC1PolarityConfig                    0x0800203d   Thumb Code    18  stm32f10x_tim.o(.text)
    TIM_OC1NPolarityConfig                   0x0800204f   Thumb Code    18  stm32f10x_tim.o(.text)
    TIM_OC2PolarityConfig                    0x08002061   Thumb Code    26  stm32f10x_tim.o(.text)
    TIM_OC2NPolarityConfig                   0x0800207b   Thumb Code    26  stm32f10x_tim.o(.text)
    TIM_OC3PolarityConfig                    0x08002095   Thumb Code    26  stm32f10x_tim.o(.text)
    TIM_OC3NPolarityConfig                   0x080020af   Thumb Code    26  stm32f10x_tim.o(.text)
    TIM_OC4PolarityConfig                    0x080020c9   Thumb Code    26  stm32f10x_tim.o(.text)
    TIM_CCxCmd                               0x080020e3   Thumb Code    30  stm32f10x_tim.o(.text)
    TIM_CCxNCmd                              0x08002101   Thumb Code    30  stm32f10x_tim.o(.text)
    TIM_SelectOCxM                           0x0800211f   Thumb Code    82  stm32f10x_tim.o(.text)
    TIM_UpdateDisableConfig                  0x08002171   Thumb Code    24  stm32f10x_tim.o(.text)
    TIM_UpdateRequestConfig                  0x08002189   Thumb Code    24  stm32f10x_tim.o(.text)
    TIM_SelectHallSensor                     0x080021a1   Thumb Code    24  stm32f10x_tim.o(.text)
    TIM_SelectOnePulseMode                   0x080021b9   Thumb Code    18  stm32f10x_tim.o(.text)
    TIM_SelectOutputTrigger                  0x080021cb   Thumb Code    18  stm32f10x_tim.o(.text)
    TIM_SelectSlaveMode                      0x080021dd   Thumb Code    18  stm32f10x_tim.o(.text)
    TIM_SelectMasterSlaveMode                0x080021ef   Thumb Code    18  stm32f10x_tim.o(.text)
    TIM_SetCounter                           0x08002201   Thumb Code     4  stm32f10x_tim.o(.text)
    TIM_SetAutoreload                        0x08002205   Thumb Code     4  stm32f10x_tim.o(.text)
    TIM_SetCompare1                          0x08002209   Thumb Code     4  stm32f10x_tim.o(.text)
    TIM_SetCompare2                          0x0800220d   Thumb Code     4  stm32f10x_tim.o(.text)
    TIM_SetCompare3                          0x08002211   Thumb Code     4  stm32f10x_tim.o(.text)
    TIM_SetCompare4                          0x08002215   Thumb Code     6  stm32f10x_tim.o(.text)
    TIM_SetClockDivision                     0x0800221b   Thumb Code    18  stm32f10x_tim.o(.text)
    TIM_GetCapture1                          0x0800222d   Thumb Code     6  stm32f10x_tim.o(.text)
    TIM_GetCapture2                          0x08002233   Thumb Code     6  stm32f10x_tim.o(.text)
    TIM_GetCapture3                          0x08002239   Thumb Code     6  stm32f10x_tim.o(.text)
    TIM_GetCapture4                          0x0800223f   Thumb Code     8  stm32f10x_tim.o(.text)
    TIM_GetCounter                           0x08002247   Thumb Code     6  stm32f10x_tim.o(.text)
    TIM_GetPrescaler                         0x0800224d   Thumb Code     6  stm32f10x_tim.o(.text)
    TIM_GetFlagStatus                        0x08002253   Thumb Code    18  stm32f10x_tim.o(.text)
    TIM_ClearFlag                            0x08002265   Thumb Code     6  stm32f10x_tim.o(.text)
    TIM_GetITStatus                          0x0800226b   Thumb Code    34  stm32f10x_tim.o(.text)
    TIM_ClearITPendingBit                    0x0800228d   Thumb Code     6  stm32f10x_tim.o(.text)
    USART_DeInit                             0x08002295   Thumb Code   134  stm32f10x_usart.o(.text)
    USART_Init                               0x0800231b   Thumb Code   210  stm32f10x_usart.o(.text)
    USART_StructInit                         0x080023ed   Thumb Code    24  stm32f10x_usart.o(.text)
    USART_ClockInit                          0x08002405   Thumb Code    34  stm32f10x_usart.o(.text)
    USART_ClockStructInit                    0x08002427   Thumb Code    12  stm32f10x_usart.o(.text)
    USART_Cmd                                0x08002433   Thumb Code    24  stm32f10x_usart.o(.text)
    USART_ITConfig                           0x0800244b   Thumb Code    74  stm32f10x_usart.o(.text)
    USART_DMACmd                             0x08002495   Thumb Code    18  stm32f10x_usart.o(.text)
    USART_SetAddress                         0x080024a7   Thumb Code    18  stm32f10x_usart.o(.text)
    USART_WakeUpConfig                       0x080024b9   Thumb Code    18  stm32f10x_usart.o(.text)
    USART_ReceiverWakeUpCmd                  0x080024cb   Thumb Code    24  stm32f10x_usart.o(.text)
    USART_LINBreakDetectLengthConfig         0x080024e3   Thumb Code    18  stm32f10x_usart.o(.text)
    USART_LINCmd                             0x080024f5   Thumb Code    24  stm32f10x_usart.o(.text)
    USART_SendData                           0x0800250d   Thumb Code     8  stm32f10x_usart.o(.text)
    USART_ReceiveData                        0x08002515   Thumb Code    10  stm32f10x_usart.o(.text)
    USART_SendBreak                          0x0800251f   Thumb Code    10  stm32f10x_usart.o(.text)
    USART_SetGuardTime                       0x08002529   Thumb Code    16  stm32f10x_usart.o(.text)
    USART_SetPrescaler                       0x08002539   Thumb Code    16  stm32f10x_usart.o(.text)
    USART_SmartCardCmd                       0x08002549   Thumb Code    24  stm32f10x_usart.o(.text)
    USART_SmartCardNACKCmd                   0x08002561   Thumb Code    24  stm32f10x_usart.o(.text)
    USART_HalfDuplexCmd                      0x08002579   Thumb Code    24  stm32f10x_usart.o(.text)
    USART_OverSampling8Cmd                   0x08002591   Thumb Code    22  stm32f10x_usart.o(.text)
    USART_OneBitMethodCmd                    0x080025a7   Thumb Code    24  stm32f10x_usart.o(.text)
    USART_IrDAConfig                         0x080025bf   Thumb Code    18  stm32f10x_usart.o(.text)
    USART_IrDACmd                            0x080025d1   Thumb Code    24  stm32f10x_usart.o(.text)
    USART_GetFlagStatus                      0x080025e9   Thumb Code    26  stm32f10x_usart.o(.text)
    USART_ClearFlag                          0x08002603   Thumb Code    18  stm32f10x_usart.o(.text)
    USART_GetITStatus                        0x08002615   Thumb Code    84  stm32f10x_usart.o(.text)
    USART_ClearITPendingBit                  0x08002669   Thumb Code    52  stm32f10x_usart.o(.text)
    delay_init                               0x0800269d   Thumb Code    50  delay.o(.text)
    delay_us                                 0x080026cf   Thumb Code    72  delay.o(.text)
    delay_ms                                 0x08002717   Thumb Code    72  delay.o(.text)
    _sys_exit                                0x08002771   Thumb Code     6  usart.o(.text)
    fputc                                    0x08002777   Thumb Code    54  usart.o(.text)
    uart_init                                0x080027ad   Thumb Code     2  usart.o(.text)
    KEY_Init                                 0x080027bd   Thumb Code    32  key.o(.text)
    click_N_Double                           0x080027dd   Thumb Code   184  key.o(.text)
    click                                    0x08002895   Thumb Code    38  key.o(.text)
    Long_Press                               0x080028bb   Thumb Code    72  key.o(.text)
    OLED_WR_Byte                             0x0800292d   Thumb Code    80  oled.o(.text)
    OLED_Refresh_Gram                        0x0800297d   Thumb Code    70  oled.o(.text)
    OLED_Display_On                          0x080029c3   Thumb Code    28  oled.o(.text)
    OLED_Display_Off                         0x080029df   Thumb Code    28  oled.o(.text)
    OLED_Clear                               0x080029fb   Thumb Code    42  oled.o(.text)
    OLED_DrawPoint                           0x08002a25   Thumb Code   100  oled.o(.text)
    OLED_ShowChar                            0x08002a89   Thumb Code   158  oled.o(.text)
    oled_pow                                 0x08002b27   Thumb Code    22  oled.o(.text)
    OLED_ShowNumber                          0x08002b3d   Thumb Code   148  oled.o(.text)
    OLED_ShowString                          0x08002bd1   Thumb Code    68  oled.o(.text)
    OLED_Init                                0x08002c15   Thumb Code   358  oled.o(.text)
    Adc_Init                                 0x08002d7d   Thumb Code   132  adc.o(.text)
    Get_Adc                                  0x08002e01   Thumb Code    46  adc.o(.text)
    Get_battery_volt                         0x08002e2f   Thumb Code    78  adc.o(.text)
    TIM3_Cap_Init                            0x08002e95   Thumb Code   172  timer.o(.text)
    Read_Distane                             0x08002f41   Thumb Code    94  timer.o(.text)
    TIM3_NVIC_Init                           0x08002f9f   Thumb Code    32  timer.o(.text)
    TIM3_Init                                0x08002fbf   Thumb Code    64  timer.o(.text)
    TIM3_IRQHandler                          0x08002fff   Thumb Code    22  timer.o(.text)
    MiniBalance_Motor_Init                   0x08003035   Thumb Code    40  motor.o(.text)
    MiniBalance_PWM_Init                     0x0800305d   Thumb Code   196  motor.o(.text)
    Encoder_Init_TIM2                        0x08003129   Thumb Code   154  encoder.o(.text)
    Encoder_Init_TIM4                        0x080031c3   Thumb Code   148  encoder.o(.text)
    Read_Encoder                             0x08003257   Thumb Code    74  encoder.o(.text)
    TIM4_IRQHandler                          0x080032a1   Thumb Code    24  encoder.o(.text)
    TIM2_IRQHandler                          0x080032b9   Thumb Code    24  encoder.o(.text)
    IIC_Init                                 0x080032e1   Thumb Code    40  ioi2c.o(.text)
    IIC_Start                                0x08003309   Thumb Code    96  ioi2c.o(.text)
    IIC_Stop                                 0x08003369   Thumb Code    68  ioi2c.o(.text)
    IIC_Wait_Ack                             0x080033ad   Thumb Code    96  ioi2c.o(.text)
    IIC_Ack                                  0x0800340d   Thumb Code    72  ioi2c.o(.text)
    IIC_NAck                                 0x08003455   Thumb Code    70  ioi2c.o(.text)
    IIC_Send_Byte                            0x0800349b   Thumb Code    94  ioi2c.o(.text)
    i2cWrite                                 0x080034f9   Thumb Code    96  ioi2c.o(.text)
    IIC_Read_Byte                            0x08003559   Thumb Code   104  ioi2c.o(.text)
    i2cRead                                  0x080035c1   Thumb Code   118  ioi2c.o(.text)
    I2C_ReadOneByte                          0x08003637   Thumb Code    70  ioi2c.o(.text)
    IICreadBytes                             0x0800367d   Thumb Code   112  ioi2c.o(.text)
    IICwriteBytes                            0x080036ed   Thumb Code    70  ioi2c.o(.text)
    IICreadByte                              0x08003733   Thumb Code    22  ioi2c.o(.text)
    IICwriteByte                             0x08003749   Thumb Code    20  ioi2c.o(.text)
    IICwriteBits                             0x0800375d   Thumb Code   106  ioi2c.o(.text)
    IICwriteBit                              0x080037c7   Thumb Code    64  ioi2c.o(.text)
    uart3_init                               0x08003809   Thumb Code   158  usart3.o(.text)
    USART3_IRQHandler                        0x080038a7   Thumb Code   852  usart3.o(.text)
    MiniBalance_EXTI_Init                    0x08003c55   Thumb Code   108  exti.o(.text)
    USART2_Init                              0x08003cc5   Thumb Code   174  usart2.o(.text)
    USART2_IRQHandler                        0x08003d73   Thumb Code   496  usart2.o(.text)
    Set_Pwm                                  0x08003f89   Thumb Code    88  control.o(.text)
    Turn_Off                                 0x08003fe1   Thumb Code    74  control.o(.text)
    Put_Down                                 0x0800402b   Thumb Code   104  control.o(.text)
    myabs                                    0x08004093   Thumb Code    14  control.o(.text)
    Pick_Up                                  0x080040a1   Thumb Code    34  control.o(.text)
    Xianfu_Pwm                               0x080040c3   Thumb Code    98  control.o(.text)
    turn                                     0x08004125   Thumb Code   348  control.o(.text)
    velocity                                 0x08004281   Thumb Code   470  control.o(.text)
    balance                                  0x08004457   Thumb Code    62  control.o(.text)
    Get_Angle                                0x08004495   Thumb Code   448  control.o(.text)
    EXTI15_10_IRQHandler                     0x08004655   Thumb Code   360  control.o(.text)
    Key                                      0x080047bd   Thumb Code    78  control.o(.text)
    mpu_reg_dump                             0x0800492f   Thumb Code    72  inv_mpu.o(.text)
    mpu_read_reg                             0x08004977   Thumb Code    66  inv_mpu.o(.text)
    mpu_set_int_latched                      0x080049b9   Thumb Code   102  inv_mpu.o(.text)
    mpu_set_sensors                          0x08004a1f   Thumb Code   202  inv_mpu.o(.text)
    mpu_set_bypass                           0x08004ae9   Thumb Code   328  inv_mpu.o(.text)
    mpu_reset_fifo                           0x08004c31   Thumb Code   444  inv_mpu.o(.text)
    mpu_configure_fifo                       0x08004ded   Thumb Code   106  inv_mpu.o(.text)
    mpu_set_lpf                              0x08004e57   Thumb Code   126  inv_mpu.o(.text)
    mpu_lp_accel_mode                        0x08004ed5   Thumb Code   218  inv_mpu.o(.text)
    mpu_set_sample_rate                      0x08004faf   Thumb Code   152  inv_mpu.o(.text)
    mpu_set_accel_fsr                        0x08005047   Thumb Code   132  inv_mpu.o(.text)
    mpu_set_gyro_fsr                         0x080050cb   Thumb Code   132  inv_mpu.o(.text)
    mpu_init                                 0x0800514f   Thumb Code   416  inv_mpu.o(.text)
    myget_ms                                 0x080052ef   Thumb Code     2  inv_mpu.o(.text)
    mpu_get_gyro_reg                         0x080052f1   Thumb Code   110  inv_mpu.o(.text)
    mpu_get_accel_reg                        0x0800535f   Thumb Code   110  inv_mpu.o(.text)
    mpu_get_temperature                      0x080053cd   Thumb Code   150  inv_mpu.o(.text)
    mpu_set_accel_bias                       0x08005463   Thumb Code   468  inv_mpu.o(.text)
    mpu_get_gyro_fsr                         0x08005637   Thumb Code    64  inv_mpu.o(.text)
    mpu_get_accel_fsr                        0x08005677   Thumb Code    72  inv_mpu.o(.text)
    mpu_get_lpf                              0x080056bf   Thumb Code    74  inv_mpu.o(.text)
    mpu_get_sample_rate                      0x08005709   Thumb Code    26  inv_mpu.o(.text)
    mpu_get_compass_sample_rate              0x08005723   Thumb Code    10  inv_mpu.o(.text)
    mpu_set_compass_sample_rate              0x0800572d   Thumb Code     8  inv_mpu.o(.text)
    mpu_get_gyro_sens                        0x08005735   Thumb Code    58  inv_mpu.o(.text)
    mpu_get_accel_sens                       0x0800576f   Thumb Code    78  inv_mpu.o(.text)
    mpu_get_fifo_config                      0x080057bd   Thumb Code    12  inv_mpu.o(.text)
    mpu_get_power_state                      0x080057c9   Thumb Code    22  inv_mpu.o(.text)
    mpu_get_int_status                       0x080057df   Thumb Code    64  inv_mpu.o(.text)
    mpu_read_fifo                            0x0800581f   Thumb Code   520  inv_mpu.o(.text)
    mpu_read_fifo_stream                     0x08005a27   Thumb Code   186  inv_mpu.o(.text)
    mpu_set_int_level                        0x08005ae1   Thumb Code    12  inv_mpu.o(.text)
    mpu_set_dmp_state                        0x080061bf   Thumb Code   138  inv_mpu.o(.text)
    mpu_run_self_test                        0x08006249   Thumb Code   278  inv_mpu.o(.text)
    mpu_write_mem                            0x0800635f   Thumb Code   122  inv_mpu.o(.text)
    mpu_read_mem                             0x080063d9   Thumb Code   122  inv_mpu.o(.text)
    mpu_load_firmware                        0x08006453   Thumb Code   192  inv_mpu.o(.text)
    mpu_get_dmp_state                        0x08006513   Thumb Code    14  inv_mpu.o(.text)
    mpu_get_compass_reg                      0x08006521   Thumb Code     8  inv_mpu.o(.text)
    mpu_get_compass_fsr                      0x08006529   Thumb Code     8  inv_mpu.o(.text)
    mpu_lp_motion_interrupt                  0x08006531   Thumb Code   512  inv_mpu.o(.text)
    dmp_load_motion_driver_firmware          0x08006735   Thumb Code    20  inv_mpu_dmp_motion_driver.o(.text)
    dmp_set_orientation                      0x08006749   Thumb Code   290  inv_mpu_dmp_motion_driver.o(.text)
    dmp_set_gyro_bias                        0x0800686b   Thumb Code   294  inv_mpu_dmp_motion_driver.o(.text)
    dmp_set_accel_bias                       0x08006991   Thumb Code   300  inv_mpu_dmp_motion_driver.o(.text)
    dmp_set_fifo_rate                        0x08006abd   Thumb Code   136  inv_mpu_dmp_motion_driver.o(.text)
    dmp_get_fifo_rate                        0x08006b45   Thumb Code    12  inv_mpu_dmp_motion_driver.o(.text)
    dmp_set_tap_thresh                       0x08006b51   Thumb Code   396  inv_mpu_dmp_motion_driver.o(.text)
    dmp_set_tap_axes                         0x08006cdd   Thumb Code    70  inv_mpu_dmp_motion_driver.o(.text)
    dmp_set_tap_count                        0x08006d23   Thumb Code    38  inv_mpu_dmp_motion_driver.o(.text)
    dmp_set_tap_time                         0x08006d49   Thumb Code    38  inv_mpu_dmp_motion_driver.o(.text)
    dmp_set_tap_time_multi                   0x08006d6f   Thumb Code    38  inv_mpu_dmp_motion_driver.o(.text)
    dmp_set_shake_reject_thresh              0x08006d95   Thumb Code    56  inv_mpu_dmp_motion_driver.o(.text)
    dmp_set_shake_reject_time                0x08006dcd   Thumb Code    38  inv_mpu_dmp_motion_driver.o(.text)
    dmp_set_shake_reject_timeout             0x08006df3   Thumb Code    38  inv_mpu_dmp_motion_driver.o(.text)
    dmp_get_pedometer_step_count             0x08006e19   Thumb Code    66  inv_mpu_dmp_motion_driver.o(.text)
    dmp_set_pedometer_step_count             0x08006e5b   Thumb Code    42  inv_mpu_dmp_motion_driver.o(.text)
    dmp_get_pedometer_walk_time              0x08006e85   Thumb Code    72  inv_mpu_dmp_motion_driver.o(.text)
    dmp_set_pedometer_walk_time              0x08006ecd   Thumb Code    48  inv_mpu_dmp_motion_driver.o(.text)
    dmp_enable_6x_lp_quat                    0x08006efd   Thumb Code    84  inv_mpu_dmp_motion_driver.o(.text)
    dmp_enable_lp_quat                       0x08006f51   Thumb Code    60  inv_mpu_dmp_motion_driver.o(.text)
    dmp_enable_gyro_cal                      0x08006f8d   Thumb Code    62  inv_mpu_dmp_motion_driver.o(.text)
    dmp_enable_feature                       0x08006fcb   Thumb Code   530  inv_mpu_dmp_motion_driver.o(.text)
    dmp_get_enabled_features                 0x080071dd   Thumb Code    12  inv_mpu_dmp_motion_driver.o(.text)
    dmp_set_interrupt_mode                   0x08007247   Thumb Code    66  inv_mpu_dmp_motion_driver.o(.text)
    dmp_read_fifo                            0x08007289   Thumb Code   514  inv_mpu_dmp_motion_driver.o(.text)
    dmp_register_tap_cb                      0x0800748b   Thumb Code    10  inv_mpu_dmp_motion_driver.o(.text)
    dmp_register_android_orient_cb           0x08007495   Thumb Code    10  inv_mpu_dmp_motion_driver.o(.text)
    MPU6050_newValues                        0x080075ab   Thumb Code   494  mpu6050.o(.text)
    MPU6050_setClockSource                   0x08007799   Thumb Code    20  mpu6050.o(.text)
    MPU6050_setFullScaleGyroRange            0x080077ad   Thumb Code    20  mpu6050.o(.text)
    MPU6050_setFullScaleAccelRange           0x080077c1   Thumb Code    20  mpu6050.o(.text)
    MPU6050_setSleepEnabled                  0x080077d5   Thumb Code    18  mpu6050.o(.text)
    MPU6050_getDeviceID                      0x080077e7   Thumb Code    20  mpu6050.o(.text)
    MPU6050_testConnection                   0x080077fb   Thumb Code    18  mpu6050.o(.text)
    MPU6050_setI2CMasterModeEnabled          0x0800780d   Thumb Code    18  mpu6050.o(.text)
    MPU6050_setI2CBypassEnabled              0x0800781f   Thumb Code    18  mpu6050.o(.text)
    MPU6050_initialize                       0x08007831   Thumb Code    40  mpu6050.o(.text)
    MPU6050_READ                             0x08007859   Thumb Code   146  mpu6050.o(.text)
    DMP_Init                                 0x080078eb   Thumb Code   134  mpu6050.o(.text)
    Read_DMP                                 0x08007971   Thumb Code   396  mpu6050.o(.text)
    Read_Temperature                         0x08007afd   Thumb Code    40  mpu6050.o(.text)
    oled_show                                0x08007b65   Thumb Code   606  show.o(.text)
    APP_Show                                 0x08007dc3   Thumb Code   312  show.o(.text)
    DataScope                                0x08007efb   Thumb Code   406  show.o(.text)
    Float2Byte                               0x080080a1   Thumb Code    28  datascope_dp.o(.text)
    DataScope_Get_Channel_Data               0x080080bd   Thumb Code   158  datascope_dp.o(.text)
    DataScope_Data_Generate                  0x0800815b   Thumb Code   148  datascope_dp.o(.text)
    Kalman_Filter                            0x080081f5   Thumb Code   558  filter.o(.text)
    Yijielvbo                                0x08008423   Thumb Code   132  filter.o(.text)
    __use_no_semihosting                     0x080084fd   Thumb Code     2  use_no_semi_2.o(.text)
    __aeabi_ldivmod                          0x080084ff   Thumb Code     0  llsdiv.o(.text)
    _ll_sdiv                                 0x080084ff   Thumb Code    72  llsdiv.o(.text)
    __2printf                                0x08008549   Thumb Code    20  noretval__2printf.o(.text)
    __printf                                 0x08008561   Thumb Code   104  __printf.o(.text)
    _printf_int_dec                          0x080085c9   Thumb Code   104  _printf_dec.o(.text)
    memcmp                                   0x08008641   Thumb Code    88  memcmp.o(.text)
    __aeabi_memset                           0x08008699   Thumb Code    16  aeabi_memset.o(.text)
    __aeabi_memclr                           0x080086a9   Thumb Code     0  rt_memclr.o(.text)
    __rt_memclr                              0x080086a9   Thumb Code    68  rt_memclr.o(.text)
    _memset                                  0x080086ad   Thumb Code     0  rt_memclr.o(.text)
    __aeabi_memclr4                          0x080086ed   Thumb Code     0  rt_memclr_w.o(.text)
    __aeabi_memclr8                          0x080086ed   Thumb Code     0  rt_memclr_w.o(.text)
    __rt_memclr_w                            0x080086ed   Thumb Code    78  rt_memclr_w.o(.text)
    _memset_w                                0x080086f1   Thumb Code     0  rt_memclr_w.o(.text)
    __use_two_region_memory                  0x0800873b   Thumb Code     2  heapauxi.o(.text)
    __rt_heap_escrow$2region                 0x0800873d   Thumb Code     2  heapauxi.o(.text)
    __rt_heap_expand$2region                 0x0800873f   Thumb Code     2  heapauxi.o(.text)
    __I$use$semihosting                      0x08008741   Thumb Code     0  use_no_semi.o(.text)
    __use_no_semihosting_swi                 0x08008741   Thumb Code     2  use_no_semi.o(.text)
    __aeabi_uldivmod                         0x08008743   Thumb Code     0  lludivv7m.o(.text)
    _ll_udiv                                 0x08008743   Thumb Code   238  lludivv7m.o(.text)
    __read_errno                             0x08008831   Thumb Code    10  _rserrno.o(.text)
    __set_errno                              0x0800883b   Thumb Code    12  _rserrno.o(.text)
    _printf_int_common                       0x08008847   Thumb Code   178  _printf_intcommon.o(.text)
    _printf_char_file                        0x080088f9   Thumb Code    32  _printf_char_file.o(.text)
    __aeabi_errno_addr                       0x0800891d   Thumb Code     8  rt_errno_addr_intlibspace.o(.text)
    __errno$intlibspace                      0x0800891d   Thumb Code     0  rt_errno_addr_intlibspace.o(.text)
    __rt_errno_addr$intlibspace              0x0800891d   Thumb Code     0  rt_errno_addr_intlibspace.o(.text)
    _printf_char_common                      0x0800892f   Thumb Code    32  _printf_char_common.o(.text)
    ferror                                   0x08008955   Thumb Code     8  ferror.o(.text)
    __user_libspace                          0x0800895d   Thumb Code     8  libspace.o(.text)
    __user_perproc_libspace                  0x0800895d   Thumb Code     0  libspace.o(.text)
    __user_perthread_libspace                0x0800895d   Thumb Code     0  libspace.o(.text)
    __user_setup_stackheap                   0x08008965   Thumb Code    74  sys_stackheap_outer.o(.text)
    exit                                     0x080089af   Thumb Code    18  exit.o(.text)
    __ARM_fpclassify                         0x080089c1   Thumb Code    40  fpclassify.o(i.__ARM_fpclassify)
    __kernel_poly                            0x080089e9   Thumb Code   170  poly.o(i.__kernel_poly)
    __mathlib_dbl_divzero                    0x08008a95   Thumb Code    12  dunder.o(i.__mathlib_dbl_divzero)
    __mathlib_dbl_infnan                     0x08008aa5   Thumb Code     6  dunder.o(i.__mathlib_dbl_infnan)
    __mathlib_dbl_infnan2                    0x08008aab   Thumb Code     4  dunder.o(i.__mathlib_dbl_infnan2)
    __mathlib_dbl_invalid                    0x08008aaf   Thumb Code    12  dunder.o(i.__mathlib_dbl_invalid)
    __mathlib_dbl_overflow                   0x08008abb   Thumb Code    14  dunder.o(i.__mathlib_dbl_overflow)
    __mathlib_dbl_underflow                  0x08008ac9   Thumb Code    10  dunder.o(i.__mathlib_dbl_underflow)
    asin                                     0x08008ad9   Thumb Code   572  asin.o(i.asin)
    atan                                     0x08008d49   Thumb Code   474  atan.o(i.atan)
    atan2                                    0x08008f69   Thumb Code   374  atan2.o(i.atan2)
    pow                                      0x08009105   Thumb Code  2512  pow.o(i.pow)
    sqrt                                     0x08009add   Thumb Code    76  sqrt.o(i.sqrt)
    __aeabi_d2f                              0x08009b29   Thumb Code     0  d2f.o(x$fpl$d2f)
    _d2f                                     0x08009b29   Thumb Code    98  d2f.o(x$fpl$d2f)
    __aeabi_dadd                             0x08009b8d   Thumb Code     0  daddsub_clz.o(x$fpl$dadd)
    _dadd                                    0x08009b8d   Thumb Code   332  daddsub_clz.o(x$fpl$dadd)
    __fpl_dcheck_NaN1                        0x08009cdd   Thumb Code    10  dcheck1.o(x$fpl$dcheck1)
    __fpl_dcmp_Inf                           0x08009ced   Thumb Code    24  dcmpi.o(x$fpl$dcmpinf)
    __aeabi_ddiv                             0x08009d05   Thumb Code     0  ddiv.o(x$fpl$ddiv)
    _ddiv                                    0x08009d05   Thumb Code   552  ddiv.o(x$fpl$ddiv)
    __aeabi_cdcmpeq                          0x08009fb5   Thumb Code     0  deqf.o(x$fpl$deqf)
    _dcmpeq                                  0x08009fb5   Thumb Code   120  deqf.o(x$fpl$deqf)
    __aeabi_d2iz                             0x0800a02d   Thumb Code     0  dfix.o(x$fpl$dfix)
    _dfix                                    0x0800a02d   Thumb Code    94  dfix.o(x$fpl$dfix)
    __aeabi_i2d                              0x0800a08b   Thumb Code     0  dflt_clz.o(x$fpl$dflt)
    _dflt                                    0x0800a08b   Thumb Code    46  dflt_clz.o(x$fpl$dflt)
    __aeabi_ui2d                             0x0800a0b9   Thumb Code     0  dflt_clz.o(x$fpl$dfltu)
    _dfltu                                   0x0800a0b9   Thumb Code    38  dflt_clz.o(x$fpl$dfltu)
    __aeabi_cdcmple                          0x0800a0e1   Thumb Code     0  dleqf.o(x$fpl$dleqf)
    _dcmple                                  0x0800a0e1   Thumb Code   120  dleqf.o(x$fpl$dleqf)
    __fpl_dcmple_InfNaN                      0x0800a143   Thumb Code     0  dleqf.o(x$fpl$dleqf)
    __aeabi_dmul                             0x0800a159   Thumb Code     0  dmul.o(x$fpl$dmul)
    _dmul                                    0x0800a159   Thumb Code   332  dmul.o(x$fpl$dmul)
    __fpl_dnaninf                            0x0800a2ad   Thumb Code   156  dnaninf.o(x$fpl$dnaninf)
    __fpl_dretinf                            0x0800a349   Thumb Code    12  dretinf.o(x$fpl$dretinf)
    __aeabi_cdrcmple                         0x0800a355   Thumb Code     0  drleqf.o(x$fpl$drleqf)
    _drcmple                                 0x0800a355   Thumb Code   108  drleqf.o(x$fpl$drleqf)
    __aeabi_drsub                            0x0800a3c1   Thumb Code     0  daddsub_clz.o(x$fpl$drsb)
    _drsb                                    0x0800a3c1   Thumb Code    22  daddsub_clz.o(x$fpl$drsb)
    _dsqrt                                   0x0800a3d9   Thumb Code   456  dsqrt_noumaal.o(x$fpl$dsqrt)
    __aeabi_dsub                             0x0800a5a5   Thumb Code     0  daddsub_clz.o(x$fpl$dsub)
    _dsub                                    0x0800a5a5   Thumb Code   464  daddsub_clz.o(x$fpl$dsub)
    __aeabi_f2d                              0x0800a779   Thumb Code     0  f2d.o(x$fpl$f2d)
    _f2d                                     0x0800a779   Thumb Code    86  f2d.o(x$fpl$f2d)
    __aeabi_fadd                             0x0800a7d1   Thumb Code     0  faddsub_clz.o(x$fpl$fadd)
    _fadd                                    0x0800a7d1   Thumb Code   196  faddsub_clz.o(x$fpl$fadd)
    __fpl_fcmp_Inf                           0x0800a895   Thumb Code    24  fcmpi.o(x$fpl$fcmpinf)
    __aeabi_fdiv                             0x0800a8ad   Thumb Code     0  fdiv.o(x$fpl$fdiv)
    _fdiv                                    0x0800a8ad   Thumb Code   384  fdiv.o(x$fpl$fdiv)
    __aeabi_cfcmpeq                          0x0800aa31   Thumb Code     0  feqf.o(x$fpl$feqf)
    _fcmpeq                                  0x0800aa31   Thumb Code   104  feqf.o(x$fpl$feqf)
    __aeabi_f2iz                             0x0800aa99   Thumb Code     0  ffix.o(x$fpl$ffix)
    _ffix                                    0x0800aa99   Thumb Code    54  ffix.o(x$fpl$ffix)
    __aeabi_f2uiz                            0x0800aad1   Thumb Code     0  ffixu.o(x$fpl$ffixu)
    _ffixu                                   0x0800aad1   Thumb Code    62  ffixu.o(x$fpl$ffixu)
    __aeabi_i2f                              0x0800ab11   Thumb Code     0  fflt_clz.o(x$fpl$fflt)
    _fflt                                    0x0800ab11   Thumb Code    48  fflt_clz.o(x$fpl$fflt)
    __aeabi_ui2f                             0x0800ab41   Thumb Code     0  fflt_clz.o(x$fpl$ffltu)
    _ffltu                                   0x0800ab41   Thumb Code    38  fflt_clz.o(x$fpl$ffltu)
    __aeabi_cfcmple                          0x0800ab69   Thumb Code     0  fleqf.o(x$fpl$fleqf)
    _fcmple                                  0x0800ab69   Thumb Code   104  fleqf.o(x$fpl$fleqf)
    __fpl_fcmple_InfNaN                      0x0800abbb   Thumb Code     0  fleqf.o(x$fpl$fleqf)
    __aeabi_fmul                             0x0800abd1   Thumb Code     0  fmul.o(x$fpl$fmul)
    _fmul                                    0x0800abd1   Thumb Code   258  fmul.o(x$fpl$fmul)
    __fpl_fnaninf                            0x0800acd3   Thumb Code   140  fnaninf.o(x$fpl$fnaninf)
    __fpl_fretinf                            0x0800ad5f   Thumb Code    10  fretinf.o(x$fpl$fretinf)
    __aeabi_cfrcmple                         0x0800ad69   Thumb Code     0  frleqf.o(x$fpl$frleqf)
    _frcmple                                 0x0800ad69   Thumb Code    98  frleqf.o(x$fpl$frleqf)
    __aeabi_frsub                            0x0800adcb   Thumb Code     0  faddsub_clz.o(x$fpl$frsb)
    _frsb                                    0x0800adcb   Thumb Code    20  faddsub_clz.o(x$fpl$frsb)
    __aeabi_fsub                             0x0800ade1   Thumb Code     0  faddsub_clz.o(x$fpl$fsub)
    _fsub                                    0x0800ade1   Thumb Code   234  faddsub_clz.o(x$fpl$fsub)
    __fpl_return_NaN                         0x0800aecb   Thumb Code   100  retnan.o(x$fpl$retnan)
    __ARM_scalbn                             0x0800af2f   Thumb Code    92  scalbn.o(x$fpl$scalbn)
    __fpl_cmpreturn                          0x0800af8b   Thumb Code    48  trapv.o(x$fpl$trapveneer)
    __I$use$fp                               0x0800afba   Number         0  usenofp.o(x$fpl$usenofp)
    oled_asc2_1206                           0x0800afba   Data        1140  oled.o(.constdata)
    oled_asc2_1608                           0x0800b42e   Data        1520  oled.o(.constdata)
    hw                                       0x0800ba20   Data          12  inv_mpu.o(.constdata)
    reg                                      0x0800ba2c   Data          27  inv_mpu.o(.constdata)
    test                                     0x0800ba48   Data          40  inv_mpu.o(.constdata)
    __mathlib_zero                           0x0800c7d8   Data           8  qnan.o(.constdata)
    Region$$Table$$Base                      0x0800c830   Number         0  anon$$obj.o(Region$$Table)
    Region$$Table$$Limit                     0x0800c850   Number         0  anon$$obj.o(Region$$Table)
    SystemCoreClock                          0x20000000   Data           4  system_stm32f10x.o(.data)
    AHBPrescTable                            0x20000004   Data          16  system_stm32f10x.o(.data)
    Way_Angle                                0x20000014   Data           1  minibalance.o(.data)
    Flag_Qian                                0x20000015   Data           1  minibalance.o(.data)
    Flag_Hou                                 0x20000016   Data           1  minibalance.o(.data)
    Flag_Left                                0x20000017   Data           1  minibalance.o(.data)
    Flag_Right                               0x20000018   Data           1  minibalance.o(.data)
    Flag_sudu                                0x20000019   Data           1  minibalance.o(.data)
    Flag_Stop                                0x2000001a   Data           1  minibalance.o(.data)
    Flag_Show                                0x2000001b   Data           1  minibalance.o(.data)
    Encoder_Left                             0x2000001c   Data           4  minibalance.o(.data)
    Encoder_Right                            0x20000020   Data           4  minibalance.o(.data)
    Moto1                                    0x20000024   Data           4  minibalance.o(.data)
    Moto2                                    0x20000028   Data           4  minibalance.o(.data)
    Temperature                              0x2000002c   Data           4  minibalance.o(.data)
    Voltage                                  0x20000030   Data           4  minibalance.o(.data)
    Angle_Balance                            0x20000034   Data           4  minibalance.o(.data)
    Gyro_Balance                             0x20000038   Data           4  minibalance.o(.data)
    Gyro_Turn                                0x2000003c   Data           4  minibalance.o(.data)
    Show_Data_Mb                             0x20000040   Data           4  minibalance.o(.data)
    Distance                                 0x20000044   Data           4  minibalance.o(.data)
    delay_50                                 0x20000048   Data           1  minibalance.o(.data)
    delay_flag                               0x20000049   Data           1  minibalance.o(.data)
    Bi_zhang                                 0x2000004a   Data           1  minibalance.o(.data)
    PID_Send                                 0x2000004b   Data           1  minibalance.o(.data)
    Flash_Send                               0x2000004c   Data           1  minibalance.o(.data)
    Acceleration_Z                           0x20000050   Data           4  minibalance.o(.data)
    Balance_Kp                               0x20000054   Data           4  minibalance.o(.data)
    Balance_Kd                               0x20000058   Data           4  minibalance.o(.data)
    Velocity_Kp                              0x2000005c   Data           4  minibalance.o(.data)
    Velocity_Ki                              0x20000060   Data           4  minibalance.o(.data)
    __stdout                                 0x2000007c   Data           4  usart.o(.data)
    TIM3CH3_CAPTURE_STA                      0x2000008e   Data           2  timer.o(.data)
    TIM3CH3_CAPTURE_VAL                      0x20000090   Data           2  timer.o(.data)
    Usart3_Receive                           0x20000094   Data           1  usart3.o(.data)
    Left_PWM                                 0x200000a4   Data           1  usart2.o(.data)
    Right_PWM                                0x200000a5   Data           1  usart2.o(.data)
    Usart2_Receive                           0x200000a6   Data           1  usart2.o(.data)
    Balance_Pwm                              0x200000ac   Data           4  control.o(.data)
    Velocity_Pwm                             0x200000b0   Data           4  control.o(.data)
    Turn_Pwm                                 0x200000b4   Data           4  control.o(.data)
    Flag_Target                              0x200000b8   Data           1  control.o(.data)
    Voltage_Temp                             0x200000bc   Data           4  control.o(.data)
    Voltage_Count                            0x200000c0   Data           4  control.o(.data)
    Voltage_All                              0x200000c4   Data           4  control.o(.data)
    gyro                                     0x20000124   Data           6  mpu6050.o(.data)
    accel                                    0x2000012a   Data           6  mpu6050.o(.data)
    sensors                                  0x20000130   Data           2  mpu6050.o(.data)
    Pitch                                    0x20000134   Data           4  mpu6050.o(.data)
    Roll                                     0x20000138   Data           4  mpu6050.o(.data)
    q0                                       0x2000013c   Data           4  mpu6050.o(.data)
    q1                                       0x20000140   Data           4  mpu6050.o(.data)
    q2                                       0x20000144   Data           4  mpu6050.o(.data)
    q3                                       0x20000148   Data           4  mpu6050.o(.data)
    Gx_offset                                0x20000156   Data           2  mpu6050.o(.data)
    Gy_offset                                0x20000158   Data           2  mpu6050.o(.data)
    Gz_offset                                0x2000015a   Data           2  mpu6050.o(.data)
    i                                        0x2000015c   Data           1  show.o(.data)
    Send_Count                               0x2000015d   Data           1  show.o(.data)
    Vol                                      0x20000160   Data           4  show.o(.data)
    K1                                       0x20000168   Data           4  filter.o(.data)
    angle                                    0x2000016c   Data           4  filter.o(.data)
    angle_dot                                0x20000170   Data           4  filter.o(.data)
    Q_angle                                  0x20000174   Data           4  filter.o(.data)
    Q_gyro                                   0x20000178   Data           4  filter.o(.data)
    R_angle                                  0x2000017c   Data           4  filter.o(.data)
    dt                                       0x20000180   Data           4  filter.o(.data)
    C_0                                      0x20000184   Data           1  filter.o(.data)
    Q_bias                                   0x20000188   Data           4  filter.o(.data)
    Angle_err                                0x2000018c   Data           4  filter.o(.data)
    PCt_0                                    0x20000190   Data           4  filter.o(.data)
    PCt_1                                    0x20000194   Data           4  filter.o(.data)
    E                                        0x20000198   Data           4  filter.o(.data)
    K_0                                      0x2000019c   Data           4  filter.o(.data)
    K_1                                      0x200001a0   Data           4  filter.o(.data)
    t_0                                      0x200001a4   Data           4  filter.o(.data)
    t_1                                      0x200001a8   Data           4  filter.o(.data)
    PP                                       0x200001ac   Data          16  filter.o(.data)
    OLED_GRAM                                0x200001bc   Data        1024  oled.o(.bss)
    TIM3_ICInitStructure                     0x200005bc   Data          10  timer.o(.bss)
    buffer                                   0x20000608   Data          14  mpu6050.o(.bss)
    MPU6050_FIFO                             0x20000616   Data         132  mpu6050.o(.bss)
    DataScope_OutPut_Buffer                  0x2000069a   Data          42  datascope_dp.o(.bss)
    Pdot                                     0x200006c4   Data          16  filter.o(.bss)
    __libspace_start                         0x200006d4   Data          96  libspace.o(.bss)
    __temporary_stack_top$libspace           0x20000734   Data           0  libspace.o(.bss)



==============================================================================

Memory Map of the image

  Image Entry point : 0x080000ed

  Load Region LR_IROM1 (Base: 0x08000000, Size: 0x0000ca0c, Max: 0x00010000, ABSOLUTE, COMPRESSED[0x0000c8b8])

    Execution Region ER_IROM1 (Exec base: 0x08000000, Load base: 0x08000000, Size: 0x0000c850, Max: 0x00010000, ABSOLUTE)

    Exec Addr    Load Addr    Size         Type   Attr      Idx    E Section Name        Object

    0x08000000   0x08000000   0x000000ec   Data   RO          319    RESET               startup_stm32f10x_md.o
    0x080000ec   0x080000ec   0x00000008   Code   RO         1111  * !!!main             c_w.l(__main.o)
    0x080000f4   0x080000f4   0x00000034   Code   RO         1454    !!!scatter          c_w.l(__scatter.o)
    0x08000128   0x08000128   0x0000005a   Code   RO         1452    !!dczerorl2         c_w.l(__dczerorl2.o)
    0x08000182   0x08000182   0x00000002   PAD
    0x08000184   0x08000184   0x0000001c   Code   RO         1456    !!handler_zi        c_w.l(__scatter_zi.o)
    0x080001a0   0x080001a0   0x00000000   Code   RO         1100    .ARM.Collect$$_printf_percent$$00000000  c_w.l(_printf_percent.o)
    0x080001a0   0x080001a0   0x00000006   Code   RO         1099    .ARM.Collect$$_printf_percent$$00000009  c_w.l(_printf_d.o)
    0x080001a6   0x080001a6   0x00000004   Code   RO         1212    .ARM.Collect$$_printf_percent$$00000017  c_w.l(_printf_percent_end.o)
    0x080001aa   0x080001aa   0x00000002   Code   RO         1319    .ARM.Collect$$libinit$$00000000  c_w.l(libinit.o)
    0x080001ac   0x080001ac   0x00000000   Code   RO         1329    .ARM.Collect$$libinit$$00000002  c_w.l(libinit2.o)
    0x080001ac   0x080001ac   0x00000000   Code   RO         1331    .ARM.Collect$$libinit$$00000004  c_w.l(libinit2.o)
    0x080001ac   0x080001ac   0x00000000   Code   RO         1334    .ARM.Collect$$libinit$$0000000A  c_w.l(libinit2.o)
    0x080001ac   0x080001ac   0x00000000   Code   RO         1336    .ARM.Collect$$libinit$$0000000C  c_w.l(libinit2.o)
    0x080001ac   0x080001ac   0x00000000   Code   RO         1338    .ARM.Collect$$libinit$$0000000E  c_w.l(libinit2.o)
    0x080001ac   0x080001ac   0x00000000   Code   RO         1341    .ARM.Collect$$libinit$$00000011  c_w.l(libinit2.o)
    0x080001ac   0x080001ac   0x00000000   Code   RO         1343    .ARM.Collect$$libinit$$00000013  c_w.l(libinit2.o)
    0x080001ac   0x080001ac   0x00000000   Code   RO         1345    .ARM.Collect$$libinit$$00000015  c_w.l(libinit2.o)
    0x080001ac   0x080001ac   0x00000000   Code   RO         1347    .ARM.Collect$$libinit$$00000017  c_w.l(libinit2.o)
    0x080001ac   0x080001ac   0x00000000   Code   RO         1349    .ARM.Collect$$libinit$$00000019  c_w.l(libinit2.o)
    0x080001ac   0x080001ac   0x00000000   Code   RO         1351    .ARM.Collect$$libinit$$0000001B  c_w.l(libinit2.o)
    0x080001ac   0x080001ac   0x00000000   Code   RO         1353    .ARM.Collect$$libinit$$0000001D  c_w.l(libinit2.o)
    0x080001ac   0x080001ac   0x00000000   Code   RO         1355    .ARM.Collect$$libinit$$0000001F  c_w.l(libinit2.o)
    0x080001ac   0x080001ac   0x00000000   Code   RO         1357    .ARM.Collect$$libinit$$00000021  c_w.l(libinit2.o)
    0x080001ac   0x080001ac   0x00000000   Code   RO         1359    .ARM.Collect$$libinit$$00000023  c_w.l(libinit2.o)
    0x080001ac   0x080001ac   0x00000000   Code   RO         1361    .ARM.Collect$$libinit$$00000025  c_w.l(libinit2.o)
    0x080001ac   0x080001ac   0x00000000   Code   RO         1365    .ARM.Collect$$libinit$$0000002C  c_w.l(libinit2.o)
    0x080001ac   0x080001ac   0x00000000   Code   RO         1367    .ARM.Collect$$libinit$$0000002E  c_w.l(libinit2.o)
    0x080001ac   0x080001ac   0x00000000   Code   RO         1369    .ARM.Collect$$libinit$$00000030  c_w.l(libinit2.o)
    0x080001ac   0x080001ac   0x00000000   Code   RO         1371    .ARM.Collect$$libinit$$00000032  c_w.l(libinit2.o)
    0x080001ac   0x080001ac   0x00000002   Code   RO         1372    .ARM.Collect$$libinit$$00000033  c_w.l(libinit2.o)
    0x080001ae   0x080001ae   0x00000002   Code   RO         1402    .ARM.Collect$$libshutdown$$00000000  c_w.l(libshutdown.o)
    0x080001b0   0x080001b0   0x00000000   Code   RO         1416    .ARM.Collect$$libshutdown$$00000002  c_w.l(libshutdown2.o)
    0x080001b0   0x080001b0   0x00000000   Code   RO         1418    .ARM.Collect$$libshutdown$$00000004  c_w.l(libshutdown2.o)
    0x080001b0   0x080001b0   0x00000000   Code   RO         1420    .ARM.Collect$$libshutdown$$00000006  c_w.l(libshutdown2.o)
    0x080001b0   0x080001b0   0x00000000   Code   RO         1423    .ARM.Collect$$libshutdown$$00000009  c_w.l(libshutdown2.o)
    0x080001b0   0x080001b0   0x00000000   Code   RO         1426    .ARM.Collect$$libshutdown$$0000000C  c_w.l(libshutdown2.o)
    0x080001b0   0x080001b0   0x00000000   Code   RO         1428    .ARM.Collect$$libshutdown$$0000000E  c_w.l(libshutdown2.o)
    0x080001b0   0x080001b0   0x00000000   Code   RO         1431    .ARM.Collect$$libshutdown$$00000011  c_w.l(libshutdown2.o)
    0x080001b0   0x080001b0   0x00000002   Code   RO         1432    .ARM.Collect$$libshutdown$$00000012  c_w.l(libshutdown2.o)
    0x080001b2   0x080001b2   0x00000000   Code   RO         1203    .ARM.Collect$$rtentry$$00000000  c_w.l(__rtentry.o)
    0x080001b2   0x080001b2   0x00000000   Code   RO         1270    .ARM.Collect$$rtentry$$00000002  c_w.l(__rtentry2.o)
    0x080001b2   0x080001b2   0x00000006   Code   RO         1282    .ARM.Collect$$rtentry$$00000004  c_w.l(__rtentry4.o)
    0x080001b8   0x080001b8   0x00000000   Code   RO         1272    .ARM.Collect$$rtentry$$00000009  c_w.l(__rtentry2.o)
    0x080001b8   0x080001b8   0x00000004   Code   RO         1273    .ARM.Collect$$rtentry$$0000000A  c_w.l(__rtentry2.o)
    0x080001bc   0x080001bc   0x00000000   Code   RO         1275    .ARM.Collect$$rtentry$$0000000C  c_w.l(__rtentry2.o)
    0x080001bc   0x080001bc   0x00000008   Code   RO         1276    .ARM.Collect$$rtentry$$0000000D  c_w.l(__rtentry2.o)
    0x080001c4   0x080001c4   0x00000002   Code   RO         1322    .ARM.Collect$$rtexit$$00000000  c_w.l(rtexit.o)
    0x080001c6   0x080001c6   0x00000000   Code   RO         1376    .ARM.Collect$$rtexit$$00000002  c_w.l(rtexit2.o)
    0x080001c6   0x080001c6   0x00000004   Code   RO         1377    .ARM.Collect$$rtexit$$00000003  c_w.l(rtexit2.o)
    0x080001ca   0x080001ca   0x00000006   Code   RO         1378    .ARM.Collect$$rtexit$$00000004  c_w.l(rtexit2.o)
    0x080001d0   0x080001d0   0x0000001a   Code   RO            1    .text               stm32f10x_it.o
    0x080001ea   0x080001ea   0x00000002   PAD
    0x080001ec   0x080001ec   0x000001e0   Code   RO          104    .text               system_stm32f10x.o
    0x080003cc   0x080003cc   0x00000194   Code   RO          122    .text               minibalance.o
    0x08000560   0x08000560   0x00000040   Code   RO          320    .text               startup_stm32f10x_md.o
    0x080005a0   0x080005a0   0x000000dc   Code   RO          324    .text               misc.o
    0x0800067c   0x0800067c   0x0000044e   Code   RO          362    .text               stm32f10x_adc.o
    0x08000aca   0x08000aca   0x00000002   PAD
    0x08000acc   0x08000acc   0x000000c4   Code   RO          374    .text               stm32f10x_bkp.o
    0x08000b90   0x08000b90   0x0000011c   Code   RO          458    .text               stm32f10x_exti.o
    0x08000cac   0x08000cac   0x0000035c   Code   RO          494    .text               stm32f10x_gpio.o
    0x08001008   0x08001008   0x000000cc   Code   RO          530    .text               stm32f10x_pwr.o
    0x080010d4   0x080010d4   0x000003a4   Code   RO          542    .text               stm32f10x_rcc.o
    0x08001478   0x08001478   0x00000e1a   Code   RO          592    .text               stm32f10x_tim.o
    0x08002292   0x08002292   0x00000002   PAD
    0x08002294   0x08002294   0x00000408   Code   RO          604    .text               stm32f10x_usart.o
    0x0800269c   0x0800269c   0x000000d4   Code   RO          628    .text               delay.o
    0x08002770   0x08002770   0x0000004c   Code   RO          729    .text               usart.o
    0x080027bc   0x080027bc   0x00000170   Code   RO          761    .text               key.o
    0x0800292c   0x0800292c   0x0000044e   Code   RO          774    .text               oled.o
    0x08002d7a   0x08002d7a   0x00000002   PAD
    0x08002d7c   0x08002d7c   0x00000118   Code   RO          793    .text               adc.o
    0x08002e94   0x08002e94   0x000001a0   Code   RO          805    .text               timer.o
    0x08003034   0x08003034   0x000000f4   Code   RO          821    .text               motor.o
    0x08003128   0x08003128   0x000001b8   Code   RO          833    .text               encoder.o
    0x080032e0   0x080032e0   0x00000526   Code   RO          845    .text               ioi2c.o
    0x08003806   0x08003806   0x00000002   PAD
    0x08003808   0x08003808   0x0000044c   Code   RO          857    .text               usart3.o
    0x08003c54   0x08003c54   0x00000070   Code   RO          876    .text               exti.o
    0x08003cc4   0x08003cc4   0x000002c4   Code   RO          906    .text               usart2.o
    0x08003f88   0x08003f88   0x0000091c   Code   RO          924    .text               control.o
    0x080048a4   0x080048a4   0x00001e90   Code   RO          946    .text               inv_mpu.o
    0x08006734   0x08006734   0x00000d70   Code   RO          970    .text               inv_mpu_dmp_motion_driver.o
    0x080074a4   0x080074a4   0x000006c0   Code   RO          985    .text               mpu6050.o
    0x08007b64   0x08007b64   0x0000053c   Code   RO         1013    .text               show.o
    0x080080a0   0x080080a0   0x00000154   Code   RO         1028    .text               datascope_dp.o
    0x080081f4   0x080081f4   0x00000308   Code   RO         1046    .text               filter.o
    0x080084fc   0x080084fc   0x00000002   Code   RO         1067    .text               c_w.l(use_no_semi_2.o)
    0x080084fe   0x080084fe   0x00000048   Code   RO         1069    .text               c_w.l(llsdiv.o)
    0x08008546   0x08008546   0x00000002   PAD
    0x08008548   0x08008548   0x00000018   Code   RO         1073    .text               c_w.l(noretval__2printf.o)
    0x08008560   0x08008560   0x00000068   Code   RO         1075    .text               c_w.l(__printf.o)
    0x080085c8   0x080085c8   0x00000078   Code   RO         1077    .text               c_w.l(_printf_dec.o)
    0x08008640   0x08008640   0x00000058   Code   RO         1101    .text               c_w.l(memcmp.o)
    0x08008698   0x08008698   0x00000010   Code   RO         1103    .text               c_w.l(aeabi_memset.o)
    0x080086a8   0x080086a8   0x00000044   Code   RO         1105    .text               c_w.l(rt_memclr.o)
    0x080086ec   0x080086ec   0x0000004e   Code   RO         1107    .text               c_w.l(rt_memclr_w.o)
    0x0800873a   0x0800873a   0x00000006   Code   RO         1109    .text               c_w.l(heapauxi.o)
    0x08008740   0x08008740   0x00000002   Code   RO         1201    .text               c_w.l(use_no_semi.o)
    0x08008742   0x08008742   0x000000ee   Code   RO         1204    .text               c_w.l(lludivv7m.o)
    0x08008830   0x08008830   0x00000016   Code   RO         1206    .text               c_w.l(_rserrno.o)
    0x08008846   0x08008846   0x000000b2   Code   RO         1208    .text               c_w.l(_printf_intcommon.o)
    0x080088f8   0x080088f8   0x00000024   Code   RO         1210    .text               c_w.l(_printf_char_file.o)
    0x0800891c   0x0800891c   0x00000008   Code   RO         1291    .text               c_w.l(rt_errno_addr_intlibspace.o)
    0x08008924   0x08008924   0x00000030   Code   RO         1293    .text               c_w.l(_printf_char_common.o)
    0x08008954   0x08008954   0x00000008   Code   RO         1295    .text               c_w.l(ferror.o)
    0x0800895c   0x0800895c   0x00000008   Code   RO         1303    .text               c_w.l(libspace.o)
    0x08008964   0x08008964   0x0000004a   Code   RO         1306    .text               c_w.l(sys_stackheap_outer.o)
    0x080089ae   0x080089ae   0x00000012   Code   RO         1312    .text               c_w.l(exit.o)
    0x080089c0   0x080089c0   0x00000028   Code   RO         1256    i.__ARM_fpclassify  m_ws.l(fpclassify.o)
    0x080089e8   0x080089e8   0x000000aa   Code   RO         1258    i.__kernel_poly     m_ws.l(poly.o)
    0x08008a92   0x08008a92   0x00000002   PAD
    0x08008a94   0x08008a94   0x00000010   Code   RO         1242    i.__mathlib_dbl_divzero  m_ws.l(dunder.o)
    0x08008aa4   0x08008aa4   0x00000006   Code   RO         1243    i.__mathlib_dbl_infnan  m_ws.l(dunder.o)
    0x08008aaa   0x08008aaa   0x00000004   Code   RO         1244    i.__mathlib_dbl_infnan2  m_ws.l(dunder.o)
    0x08008aae   0x08008aae   0x0000000c   Code   RO         1245    i.__mathlib_dbl_invalid  m_ws.l(dunder.o)
    0x08008aba   0x08008aba   0x0000000e   Code   RO         1246    i.__mathlib_dbl_overflow  m_ws.l(dunder.o)
    0x08008ac8   0x08008ac8   0x00000010   Code   RO         1248    i.__mathlib_dbl_underflow  m_ws.l(dunder.o)
    0x08008ad8   0x08008ad8   0x00000270   Code   RO         1174    i.asin              m_ws.l(asin.o)
    0x08008d48   0x08008d48   0x00000220   Code   RO         1233    i.atan              m_ws.l(atan.o)
    0x08008f68   0x08008f68   0x0000019c   Code   RO         1184    i.atan2             m_ws.l(atan2.o)
    0x08009104   0x08009104   0x000009d8   Code   RO         1192    i.pow               m_ws.l(pow.o)
    0x08009adc   0x08009adc   0x0000004c   Code   RO         1262    i.sqrt              m_ws.l(sqrt.o)
    0x08009b28   0x08009b28   0x00000062   Code   RO         1113    x$fpl$d2f           fz_ws.l(d2f.o)
    0x08009b8a   0x08009b8a   0x00000002   PAD
    0x08009b8c   0x08009b8c   0x00000150   Code   RO         1115    x$fpl$dadd          fz_ws.l(daddsub_clz.o)
    0x08009cdc   0x08009cdc   0x00000010   Code   RO         1299    x$fpl$dcheck1       fz_ws.l(dcheck1.o)
    0x08009cec   0x08009cec   0x00000018   Code   RO         1213    x$fpl$dcmpinf       fz_ws.l(dcmpi.o)
    0x08009d04   0x08009d04   0x000002b0   Code   RO         1122    x$fpl$ddiv          fz_ws.l(ddiv.o)
    0x08009fb4   0x08009fb4   0x00000078   Code   RO         1215    x$fpl$deqf          fz_ws.l(deqf.o)
    0x0800a02c   0x0800a02c   0x0000005e   Code   RO         1125    x$fpl$dfix          fz_ws.l(dfix.o)
    0x0800a08a   0x0800a08a   0x0000002e   Code   RO         1130    x$fpl$dflt          fz_ws.l(dflt_clz.o)
    0x0800a0b8   0x0800a0b8   0x00000026   Code   RO         1129    x$fpl$dfltu         fz_ws.l(dflt_clz.o)
    0x0800a0de   0x0800a0de   0x00000002   PAD
    0x0800a0e0   0x0800a0e0   0x00000078   Code   RO         1135    x$fpl$dleqf         fz_ws.l(dleqf.o)
    0x0800a158   0x0800a158   0x00000154   Code   RO         1137    x$fpl$dmul          fz_ws.l(dmul.o)
    0x0800a2ac   0x0800a2ac   0x0000009c   Code   RO         1217    x$fpl$dnaninf       fz_ws.l(dnaninf.o)
    0x0800a348   0x0800a348   0x0000000c   Code   RO         1219    x$fpl$dretinf       fz_ws.l(dretinf.o)
    0x0800a354   0x0800a354   0x0000006c   Code   RO         1221    x$fpl$drleqf        fz_ws.l(drleqf.o)
    0x0800a3c0   0x0800a3c0   0x00000016   Code   RO         1116    x$fpl$drsb          fz_ws.l(daddsub_clz.o)
    0x0800a3d6   0x0800a3d6   0x00000002   PAD
    0x0800a3d8   0x0800a3d8   0x000001cc   Code   RO         1301    x$fpl$dsqrt         fz_ws.l(dsqrt_noumaal.o)
    0x0800a5a4   0x0800a5a4   0x000001d4   Code   RO         1117    x$fpl$dsub          fz_ws.l(daddsub_clz.o)
    0x0800a778   0x0800a778   0x00000056   Code   RO         1139    x$fpl$f2d           fz_ws.l(f2d.o)
    0x0800a7ce   0x0800a7ce   0x00000002   PAD
    0x0800a7d0   0x0800a7d0   0x000000c4   Code   RO         1141    x$fpl$fadd          fz_ws.l(faddsub_clz.o)
    0x0800a894   0x0800a894   0x00000018   Code   RO         1223    x$fpl$fcmpinf       fz_ws.l(fcmpi.o)
    0x0800a8ac   0x0800a8ac   0x00000184   Code   RO         1148    x$fpl$fdiv          fz_ws.l(fdiv.o)
    0x0800aa30   0x0800aa30   0x00000068   Code   RO         1151    x$fpl$feqf          fz_ws.l(feqf.o)
    0x0800aa98   0x0800aa98   0x00000036   Code   RO         1153    x$fpl$ffix          fz_ws.l(ffix.o)
    0x0800aace   0x0800aace   0x00000002   PAD
    0x0800aad0   0x0800aad0   0x0000003e   Code   RO         1157    x$fpl$ffixu         fz_ws.l(ffixu.o)
    0x0800ab0e   0x0800ab0e   0x00000002   PAD
    0x0800ab10   0x0800ab10   0x00000030   Code   RO         1162    x$fpl$fflt          fz_ws.l(fflt_clz.o)
    0x0800ab40   0x0800ab40   0x00000026   Code   RO         1161    x$fpl$ffltu         fz_ws.l(fflt_clz.o)
    0x0800ab66   0x0800ab66   0x00000002   PAD
    0x0800ab68   0x0800ab68   0x00000068   Code   RO         1167    x$fpl$fleqf         fz_ws.l(fleqf.o)
    0x0800abd0   0x0800abd0   0x00000102   Code   RO         1169    x$fpl$fmul          fz_ws.l(fmul.o)
    0x0800acd2   0x0800acd2   0x0000008c   Code   RO         1225    x$fpl$fnaninf       fz_ws.l(fnaninf.o)
    0x0800ad5e   0x0800ad5e   0x0000000a   Code   RO         1227    x$fpl$fretinf       fz_ws.l(fretinf.o)
    0x0800ad68   0x0800ad68   0x00000062   Code   RO         1171    x$fpl$frleqf        fz_ws.l(frleqf.o)
    0x0800adca   0x0800adca   0x00000014   Code   RO         1142    x$fpl$frsb          fz_ws.l(faddsub_clz.o)
    0x0800adde   0x0800adde   0x00000002   PAD
    0x0800ade0   0x0800ade0   0x000000ea   Code   RO         1143    x$fpl$fsub          fz_ws.l(faddsub_clz.o)
    0x0800aeca   0x0800aeca   0x00000064   Code   RO         1320    x$fpl$retnan        fz_ws.l(retnan.o)
    0x0800af2e   0x0800af2e   0x0000005c   Code   RO         1229    x$fpl$scalbn        fz_ws.l(scalbn.o)
    0x0800af8a   0x0800af8a   0x00000030   Code   RO         1373    x$fpl$trapveneer    fz_ws.l(trapv.o)
    0x0800afba   0x0800afba   0x00000000   Code   RO         1231    x$fpl$usenofp       fz_ws.l(usenofp.o)
    0x0800afba   0x0800afba   0x00000a64   Data   RO          776    .constdata          oled.o
    0x0800ba1e   0x0800ba1e   0x00000002   PAD
    0x0800ba20   0x0800ba20   0x00000050   Data   RO          947    .constdata          inv_mpu.o
    0x0800ba70   0x0800ba70   0x00000bf6   Data   RO          972    .constdata          inv_mpu_dmp_motion_driver.o
    0x0800c666   0x0800c666   0x00000002   PAD
    0x0800c668   0x0800c668   0x00000050   Data   RO         1175    .constdata          m_ws.l(asin.o)
    0x0800c6b8   0x0800c6b8   0x00000088   Data   RO         1193    .constdata          m_ws.l(pow.o)
    0x0800c740   0x0800c740   0x00000098   Data   RO         1234    .constdata          m_ws.l(atan.o)
    0x0800c7d8   0x0800c7d8   0x00000008   Data   RO         1260    .constdata          m_ws.l(qnan.o)
    0x0800c7e0   0x0800c7e0   0x0000004e   Data   RO          948    .conststring        inv_mpu.o
    0x0800c82e   0x0800c82e   0x00000002   PAD
    0x0800c830   0x0800c830   0x00000020   Data   RO         1450    Region$$Table       anon$$obj.o


    Execution Region RW_IRAM1 (Exec base: 0x20000000, Load base: 0x0800c850, Size: 0x00000d38, Max: 0x00005000, ABSOLUTE, COMPRESSED[0x00000068])

    Exec Addr    Load Addr    Size         Type   Attr      Idx    E Section Name        Object

    0x20000000   COMPRESSED   0x00000014   Data   RW          105    .data               system_stm32f10x.o
    0x20000014   COMPRESSED   0x00000050   Data   RW          124    .data               minibalance.o
    0x20000064   COMPRESSED   0x00000014   Data   RW          543    .data               stm32f10x_rcc.o
    0x20000078   COMPRESSED   0x00000004   Data   RW          629    .data               delay.o
    0x2000007c   COMPRESSED   0x00000004   Data   RW          730    .data               usart.o
    0x20000080   COMPRESSED   0x0000000e   Data   RW          762    .data               key.o
    0x2000008e   COMPRESSED   0x00000004   Data   RW          807    .data               timer.o
    0x20000092   COMPRESSED   0x00000002   PAD
    0x20000094   COMPRESSED   0x00000010   Data   RW          859    .data               usart3.o
    0x200000a4   COMPRESSED   0x00000008   Data   RW          907    .data               usart2.o
    0x200000ac   COMPRESSED   0x0000004a   Data   RW          925    .data               control.o
    0x200000f6   COMPRESSED   0x00000002   PAD
    0x200000f8   COMPRESSED   0x0000002c   Data   RW          949    .data               inv_mpu.o
    0x20000124   COMPRESSED   0x00000038   Data   RW          987    .data               mpu6050.o
    0x2000015c   COMPRESSED   0x00000009   Data   RW         1014    .data               show.o
    0x20000165   COMPRESSED   0x00000003   PAD
    0x20000168   COMPRESSED   0x00000054   Data   RW         1048    .data               filter.o
    0x200001bc        -       0x00000400   Zero   RW          775    .bss                oled.o
    0x200005bc        -       0x0000000a   Zero   RW          806    .bss                timer.o
    0x200005c6        -       0x00000032   Zero   RW          858    .bss                usart3.o
    0x200005f8        -       0x00000010   Zero   RW          971    .bss                inv_mpu_dmp_motion_driver.o
    0x20000608        -       0x00000092   Zero   RW          986    .bss                mpu6050.o
    0x2000069a        -       0x0000002a   Zero   RW         1029    .bss                datascope_dp.o
    0x200006c4        -       0x00000010   Zero   RW         1047    .bss                filter.o
    0x200006d4        -       0x00000060   Zero   RW         1304    .bss                c_w.l(libspace.o)
    0x20000734   COMPRESSED   0x00000004   PAD
    0x20000738        -       0x00000200   Zero   RW          318    HEAP                startup_stm32f10x_md.o
    0x20000938        -       0x00000400   Zero   RW          317    STACK               startup_stm32f10x_md.o


==============================================================================

Image component sizes


      Code (inc. data)   RO Data    RW Data    ZI Data      Debug   Object Name

       280         24          0          0          0       1008   adc.o
      2332        314          0         74          0       4957   control.o
         0          0          0          0          0         32   core_cm3.o
       340         30          0          0         42       2002   datascope_dp.o
       212         18          0          4          0        983   delay.o
       440         16          0          0          0       1531   encoder.o
       112          4          0          0          0        612   exti.o
       776         86          0         84         16       1896   filter.o
      7824        174        158         44          0      21539   inv_mpu.o
      3440        126       3062          0         16      15043   inv_mpu_dmp_motion_driver.o
      1318         12          0          0          0       5794   ioi2c.o
       368         42          0         14          0       1455   key.o
       404         38          0         80          0     203995   minibalance.o
       220         22          0          0          0     216237   misc.o
       244          8          0          0          0        978   motor.o
      1728         64          0         56        146      20907   mpu6050.o
      1102         34       2660          0       1024       4607   oled.o
      1340        286          0          9          0       1550   show.o
        64         26        236          0       1536        796   startup_stm32f10x_md.o
      1102         26          0          0          0      10985   stm32f10x_adc.o
       196          8          0          0          0       3440   stm32f10x_bkp.o
       284         10          0          0          0       2199   stm32f10x_exti.o
       860         38          0          0          0       5677   stm32f10x_gpio.o
        26          0          0          0          0      49066   stm32f10x_it.o
       204         14          0          0          0       1927   stm32f10x_pwr.o
       932         36          0         20          0       8824   stm32f10x_rcc.o
      3610         88          0          0          0      22784   stm32f10x_tim.o
      1032         22          0          0          0       8400   stm32f10x_usart.o
       480         38          0         20          0       1655   system_stm32f10x.o
       416         32          0          4         10       1849   timer.o
        76         14          0          4          0       2578   usart.o
       708         38          0          8          0       1640   usart2.o
      1100        100          0         16         50       1860   usart3.o

    ----------------------------------------------------------------------
     33580       1788       6154        444       2840     628806   Object Totals
         0          0         32          0          0          0   (incl. Generated)
        10          0          6          7          0          0   (incl. Padding)

    ----------------------------------------------------------------------

      Code (inc. data)   RO Data    RW Data    ZI Data      Debug   Library Member Name

        90          0          0          0          0          0   __dczerorl2.o
         8          0          0          0          0         68   __main.o
       104          0          0          0          0         84   __printf.o
         0          0          0          0          0          0   __rtentry.o
        12          0          0          0          0          0   __rtentry2.o
         6          0          0          0          0          0   __rtentry4.o
        52          8          0          0          0          0   __scatter.o
        28          0          0          0          0          0   __scatter_zi.o
        48          6          0          0          0         96   _printf_char_common.o
        36          4          0          0          0         80   _printf_char_file.o
         6          0          0          0          0          0   _printf_d.o
       120         16          0          0          0         92   _printf_dec.o
       178          0          0          0          0         88   _printf_intcommon.o
         0          0          0          0          0          0   _printf_percent.o
         4          0          0          0          0          0   _printf_percent_end.o
        22          0          0          0          0        100   _rserrno.o
        16          0          0          0          0         68   aeabi_memset.o
        18          0          0          0          0         80   exit.o
         8          0          0          0          0         68   ferror.o
         6          0          0          0          0        152   heapauxi.o
         2          0          0          0          0          0   libinit.o
         2          0          0          0          0          0   libinit2.o
         2          0          0          0          0          0   libshutdown.o
         2          0          0          0          0          0   libshutdown2.o
         8          4          0          0         96         68   libspace.o
        72          0          0          0          0         76   llsdiv.o
       238          0          0          0          0        100   lludivv7m.o
        88          0          0          0          0         76   memcmp.o
        24          4          0          0          0         84   noretval__2printf.o
         8          4          0          0          0         68   rt_errno_addr_intlibspace.o
        68          0          0          0          0         68   rt_memclr.o
        78          0          0          0          0         80   rt_memclr_w.o
         2          0          0          0          0          0   rtexit.o
        10          0          0          0          0          0   rtexit2.o
        74          0          0          0          0         80   sys_stackheap_outer.o
         2          0          0          0          0         68   use_no_semi.o
         2          0          0          0          0         68   use_no_semi_2.o
        98          4          0          0          0         92   d2f.o
       826         16          0          0          0        348   daddsub_clz.o
        16          4          0          0          0         68   dcheck1.o
        24          0          0          0          0         68   dcmpi.o
       688        140          0          0          0        208   ddiv.o
       120          4          0          0          0         92   deqf.o
        94          4          0          0          0         92   dfix.o
        84          0          0          0          0        136   dflt_clz.o
       120          4          0          0          0         92   dleqf.o
       340         12          0          0          0        104   dmul.o
       156          4          0          0          0         92   dnaninf.o
        12          0          0          0          0         68   dretinf.o
       108          0          0          0          0         80   drleqf.o
       460         56          0          0          0        120   dsqrt_noumaal.o
        86          4          0          0          0         84   f2d.o
       450          8          0          0          0        236   faddsub_clz.o
        24          0          0          0          0         68   fcmpi.o
       388         76          0          0          0         96   fdiv.o
       104          4          0          0          0         84   feqf.o
        54          4          0          0          0         84   ffix.o
        62          4          0          0          0         84   ffixu.o
        86          0          0          0          0        136   fflt_clz.o
       104          4          0          0          0         84   fleqf.o
       258          4          0          0          0         84   fmul.o
       140          4          0          0          0         84   fnaninf.o
        10          0          0          0          0         68   fretinf.o
        98          0          0          0          0         68   frleqf.o
       100          0          0          0          0         68   retnan.o
        92          0          0          0          0         68   scalbn.o
        48          0          0          0          0         68   trapv.o
         0          0          0          0          0          0   usenofp.o
       624         52         80          0          0        168   asin.o
       544         70        152          0          0        124   atan.o
       412         38          0          0          0        144   atan2.o
        68         10          0          0          0        408   dunder.o
        40          0          0          0          0         68   fpclassify.o
       170          0          0          0          0         96   poly.o
      2520        190        136          0          0        324   pow.o
         0          0          8          0          0          0   qnan.o
        76          0          0          0          0         84   sqrt.o

    ----------------------------------------------------------------------
     11170        766        376          0        100       6352   Library Totals
        22          0          0          0          4          0   (incl. Padding)

    ----------------------------------------------------------------------

      Code (inc. data)   RO Data    RW Data    ZI Data      Debug   Library Name

      1444         46          0          0         96       1812   c_w.l
      5250        360          0          0          0       3124   fz_ws.l
      4454        360        376          0          0       1416   m_ws.l

    ----------------------------------------------------------------------
     11170        766        376          0        100       6352   Library Totals

    ----------------------------------------------------------------------

==============================================================================


      Code (inc. data)   RO Data    RW Data    ZI Data      Debug   

     44750       2554       6530        444       2940     628654   Grand Totals
     44750       2554       6530        104       2940     628654   ELF Image Totals (compressed)
     44750       2554       6530        104          0          0   ROM Totals

==============================================================================

    Total RO  Size (Code + RO Data)                51280 (  50.08kB)
    Total RW  Size (RW Data + ZI Data)              3384 (   3.30kB)
    Total ROM Size (Code + RO Data + RW Data)      51384 (  50.18kB)

==============================================================================

